Archive member included to satisfy reference by file (symbol)

c:/nxp_shit/mcuxpressoide_11.1.0_3209/ide/plugins/com.nxp.mcuxpresso.tools.win32_11.1.0.201909161352/tools/bin/../lib/gcc/arm-none-eabi/8.3.1/../../../../arm-none-eabi/lib/thumb/v7e-m+fp/hard\libcr_semihost_nf.a(_cr__main.o)
                              ./startup/startup_mk22f51212.o (__main)
c:/nxp_shit/mcuxpressoide_11.1.0_3209/ide/plugins/com.nxp.mcuxpresso.tools.win32_11.1.0.201909161352/tools/bin/../lib/gcc/arm-none-eabi/8.3.1/../../../../arm-none-eabi/lib/thumb/v7e-m+fp/hard\libcr_semihost_nf.a(_cr_assert.o)
                              ./drivers/fsl_clock.o (__assertion_failed)
c:/nxp_shit/mcuxpressoide_11.1.0_3209/ide/plugins/com.nxp.mcuxpresso.tools.win32_11.1.0.201909161352/tools/bin/../lib/gcc/arm-none-eabi/8.3.1/../../../../arm-none-eabi/lib/thumb/v7e-m+fp/hard\libcr_semihost_nf.a(__ciob.o)
                              c:/nxp_shit/mcuxpressoide_11.1.0_3209/ide/plugins/com.nxp.mcuxpresso.tools.win32_11.1.0.201909161352/tools/bin/../lib/gcc/arm-none-eabi/8.3.1/../../../../arm-none-eabi/lib/thumb/v7e-m+fp/hard\libcr_semihost_nf.a(_cr_assert.o) (__Ciob)
c:/nxp_shit/mcuxpressoide_11.1.0_3209/ide/plugins/com.nxp.mcuxpresso.tools.win32_11.1.0.201909161352/tools/bin/../lib/gcc/arm-none-eabi/8.3.1/../../../../arm-none-eabi/lib/thumb/v7e-m+fp/hard\libcr_semihost_nf.a(__sys_appexit.o)
                              c:/nxp_shit/mcuxpressoide_11.1.0_3209/ide/plugins/com.nxp.mcuxpresso.tools.win32_11.1.0.201909161352/tools/bin/../lib/gcc/arm-none-eabi/8.3.1/../../../../arm-none-eabi/lib/thumb/v7e-m+fp/hard\libcr_semihost_nf.a(_cr_assert.o) (__sys_appexit)
c:/nxp_shit/mcuxpressoide_11.1.0_3209/ide/plugins/com.nxp.mcuxpresso.tools.win32_11.1.0.201909161352/tools/bin/../lib/gcc/arm-none-eabi/8.3.1/../../../../arm-none-eabi/lib/thumb/v7e-m+fp/hard\libcr_c.a(_deferredlazyseek.o)
                              c:/nxp_shit/mcuxpressoide_11.1.0_3209/ide/plugins/com.nxp.mcuxpresso.tools.win32_11.1.0.201909161352/tools/bin/../lib/gcc/arm-none-eabi/8.3.1/../../../../arm-none-eabi/lib/thumb/v7e-m+fp/hard\libcr_semihost_nf.a(_cr_assert.o) (__flsbuf)
c:/nxp_shit/mcuxpressoide_11.1.0_3209/ide/plugins/com.nxp.mcuxpresso.tools.win32_11.1.0.201909161352/tools/bin/../lib/gcc/arm-none-eabi/8.3.1/../../../../arm-none-eabi/lib/thumb/v7e-m+fp/hard\libcr_c.a(_fflush.o)
                              c:/nxp_shit/mcuxpressoide_11.1.0_3209/ide/plugins/com.nxp.mcuxpresso.tools.win32_11.1.0.201909161352/tools/bin/../lib/gcc/arm-none-eabi/8.3.1/../../../../arm-none-eabi/lib/thumb/v7e-m+fp/hard\libcr_c.a(_deferredlazyseek.o) (_fflush)
c:/nxp_shit/mcuxpressoide_11.1.0_3209/ide/plugins/com.nxp.mcuxpresso.tools.win32_11.1.0.201909161352/tools/bin/../lib/gcc/arm-none-eabi/8.3.1/../../../../arm-none-eabi/lib/thumb/v7e-m+fp/hard\libcr_c.a(_writebuf.o)
                              c:/nxp_shit/mcuxpressoide_11.1.0_3209/ide/plugins/com.nxp.mcuxpresso.tools.win32_11.1.0.201909161352/tools/bin/../lib/gcc/arm-none-eabi/8.3.1/../../../../arm-none-eabi/lib/thumb/v7e-m+fp/hard\libcr_c.a(_deferredlazyseek.o) (_Cwritebuf)
c:/nxp_shit/mcuxpressoide_11.1.0_3209/ide/plugins/com.nxp.mcuxpresso.tools.win32_11.1.0.201909161352/tools/bin/../lib/gcc/arm-none-eabi/8.3.1/../../../../arm-none-eabi/lib/thumb/v7e-m+fp/hard\libcr_c.a(alloc.o)
                              ./drivers/fsl_common.o (malloc)
c:/nxp_shit/mcuxpressoide_11.1.0_3209/ide/plugins/com.nxp.mcuxpresso.tools.win32_11.1.0.201909161352/tools/bin/../lib/gcc/arm-none-eabi/8.3.1/../../../../arm-none-eabi/lib/thumb/v7e-m+fp/hard\libcr_c.a(fputs.o)
                              c:/nxp_shit/mcuxpressoide_11.1.0_3209/ide/plugins/com.nxp.mcuxpresso.tools.win32_11.1.0.201909161352/tools/bin/../lib/gcc/arm-none-eabi/8.3.1/../../../../arm-none-eabi/lib/thumb/v7e-m+fp/hard\libcr_semihost_nf.a(_cr_assert.o) (fputs)
c:/nxp_shit/mcuxpressoide_11.1.0_3209/ide/plugins/com.nxp.mcuxpresso.tools.win32_11.1.0.201909161352/tools/bin/../lib/gcc/arm-none-eabi/8.3.1/../../../../arm-none-eabi/lib/thumb/v7e-m+fp/hard\libcr_c.a(fseek.o)
                              c:/nxp_shit/mcuxpressoide_11.1.0_3209/ide/plugins/com.nxp.mcuxpresso.tools.win32_11.1.0.201909161352/tools/bin/../lib/gcc/arm-none-eabi/8.3.1/../../../../arm-none-eabi/lib/thumb/v7e-m+fp/hard\libcr_c.a(_deferredlazyseek.o) (fseek)
c:/nxp_shit/mcuxpressoide_11.1.0_3209/ide/plugins/com.nxp.mcuxpresso.tools.win32_11.1.0.201909161352/tools/bin/../lib/gcc/arm-none-eabi/8.3.1/../../../../arm-none-eabi/lib/thumb/v7e-m+fp/hard\libcr_c.a(ftell.o)
                              c:/nxp_shit/mcuxpressoide_11.1.0_3209/ide/plugins/com.nxp.mcuxpresso.tools.win32_11.1.0.201909161352/tools/bin/../lib/gcc/arm-none-eabi/8.3.1/../../../../arm-none-eabi/lib/thumb/v7e-m+fp/hard\libcr_c.a(fseek.o) (ftell)
c:/nxp_shit/mcuxpressoide_11.1.0_3209/ide/plugins/com.nxp.mcuxpresso.tools.win32_11.1.0.201909161352/tools/bin/../lib/gcc/arm-none-eabi/8.3.1/../../../../arm-none-eabi/lib/thumb/v7e-m+fp/hard\libcr_c.a(initio.o)
[...]
Memory Configuration

Name             Origin             Length             Attributes
PROGRAM_FLASH    0x00000000         0x00080000         xr
SRAM_UPPER       0x20000000         0x00010000         xrw
SRAM_LOWER       0x1fff0000         0x00010000         xrw
*default*        0x00000000         0xffffffff

Linker script and memory map

LOAD ./startup/startup_mk22f51212.o
LOAD ./source/hello world.o
LOAD ./source/led.o
LOAD ./source/semihost_hardfault.o
LOAD ./drivers/fsl_clock.o
LOAD ./drivers/fsl_common.o
LOAD ./drivers/fsl_gpio.o
LOAD ./device/system_MK22F51212.o
LOAD ./board/board.o
LOAD ./board/clock_config.o
LOAD ./board/peripherals.o
LOAD ./board/pin_mux.o
START GROUP
LOAD c:/nxp_shit/mcuxpressoide_11.1.0_3209/ide/plugins/com.nxp.mcuxpresso.tools.win32_11.1.0.201909161352/tools/bin/../lib/gcc/arm-none-eabi/8.3.1/../../../../arm-none-eabi/lib/thumb/v7e-m+fp/hard\libcr_semihost_nf.a
LOAD c:/nxp_shit/mcuxpressoide_11.1.0_3209/ide/plugins/com.nxp.mcuxpresso.tools.win32_11.1.0.201909161352/tools/bin/../lib/gcc/arm-none-eabi/8.3.1/../../../../arm-none-eabi/lib/thumb/v7e-m+fp/hard\libcr_c.a
LOAD c:/nxp_shit/mcuxpressoide_11.1.0_3209/ide/plugins/com.nxp.mcuxpresso.tools.win32_11.1.0.201909161352/tools/bin/../lib/gcc/arm-none-eabi/8.3.1/thumb/v7e-m+fp/hard\libcr_eabihelpers.a
LOAD c:/nxp_shit/mcuxpressoide_11.1.0_3209/ide/plugins/com.nxp.mcuxpresso.tools.win32_11.1.0.201909161352/tools/bin/../lib/gcc/arm-none-eabi/8.3.1/thumb/v7e-m+fp/hard\libgcc.a
END GROUP
                0x00000000                __base_PROGRAM_FLASH = 0x0
                0x00000000                __base_Flash = 0x0
                0x00080000                __top_PROGRAM_FLASH = 0x80000
                0x00080000                __top_Flash = 0x80000
                0x20000000                __base_SRAM_UPPER = 0x20000000
                0x20000000                __base_RAM = 0x20000000
                0x20010000                __top_SRAM_UPPER = 0x20010000
                0x20010000                __top_RAM = 0x20010000
                0x1fff0000                __base_SRAM_LOWER = 0x1fff0000
                0x1fff0000                __base_RAM2 = 0x1fff0000
                0x20000000                __top_SRAM_LOWER = 0x20000000
                0x20000000                __top_RAM2 = 0x20000000

.text           0x00000000     0x1bc8
 FILL mask 0xff
                0x00000000                __vectors_start__ = ABSOLUTE (.)
 *(SORT_BY_ALIGNMENT(.isr_vector))
 .isr_vector    0x00000000      0x168 ./startup/startup_mk22f51212.o
                0x00000000                g_pfnVectors
                0x00000000                __Vectors
                0x00000168                . = ALIGN (0x4)
                0x00000168                __section_table_start = .
                0x00000168                __data_section_table = .
                0x00000168        0x4 LONG 0x1bc8 LOADADDR (.data)
                0x0000016c        0x4 LONG 0x20000000 ADDR (.data)
                0x00000170        0x4 LONG 0x4 SIZEOF (.data)
                0x00000174        0x4 LONG 0x1bc8 LOADADDR (.data_RAM2)
                0x00000178        0x4 LONG 0x1fff0000 ADDR (.data_RAM2)
                0x0000017c        0x4 LONG 0x0 SIZEOF (.data_RAM2)
                0x00000180                __data_section_table_end = .
                0x00000180                __bss_section_table = .
                0x00000180        0x4 LONG 0x20000004 ADDR (.bss)
                0x00000184        0x4 LONG 0xc0 SIZEOF (.bss)
                0x00000188        0x4 LONG 0x1fff0000 ADDR (.bss_RAM2)
                0x0000018c        0x4 LONG 0x0 SIZEOF (.bss_RAM2)
                0x00000190                __bss_section_table_end = .
                0x00000190                __section_table_end = .
 *(SORT_BY_ALIGNMENT(.after_vectors*))
 .after_vectors.reset
                0x00000190       0xbc ./startup/startup_mk22f51212.o
                0x00000190                ResetISR
 .after_vectors.init_data
                0x0000024c       0x44 ./startup/startup_mk22f51212.o
                0x0000024c                data_init
 .after_vectors.init_bss
                0x00000290       0x38 ./startup/startup_mk22f51212.o
                0x00000290                bss_init
 .after_vectors
                0x000002c8       0x3c ./startup/startup_mk22f51212.o
                0x000002c8                NMI_Handler
                0x000002d4                MemManage_Handler
                0x000002da                BusFault_Handler
                0x000002e0                UsageFault_Handler
                0x000002e6                SVC_Handler
                0x000002ec                DebugMon_Handler
                0x000002f2                PendSV_Handler
                0x000002f8                SysTick_Handler
                0x000002fe                DMA_Error_DriverIRQHandler
                0x000002fe                LPTMR0_DriverIRQHandler
                0x000002fe                FTM1_DriverIRQHandler
                0x000002fe                FTM2_DriverIRQHandler
                0x000002fe                PIT2_DriverIRQHandler
                0x000002fe                Reserved82_DriverIRQHandler
                0x000002fe                I2S0_Tx_DriverIRQHandler
                0x000002fe                RTC_Seconds_DriverIRQHandler
                0x000002fe                FTF_DriverIRQHandler
                0x000002fe                DMA6_DriverIRQHandler
                0x000002fe                LLWU_DriverIRQHandler
                0x000002fe                MCM_DriverIRQHandler
                0x000002fe                MCG_DriverIRQHandler
                0x000002fe                DAC1_DriverIRQHandler
                0x000002fe                SPI1_DriverIRQHandler
                0x000002fe                CMP1_DriverIRQHandler
                0x000002fe                FTM0_DriverIRQHandler
                0x000002fe                IntDefaultHandler
                0x000002fe                USB0_DriverIRQHandler
                0x000002fe                PORTC_DriverIRQHandler
                0x000002fe                DMA11_DriverIRQHandler
                0x000002fe                DAC0_DriverIRQHandler
                0x000002fe                DMA10_DriverIRQHandler
                0x000002fe                UART2_ERR_DriverIRQHandler
                0x000002fe                LVD_LVW_DriverIRQHandler
                0x000002fe                Reserved84_DriverIRQHandler
                0x000002fe                PIT0_DriverIRQHandler
                0x000002fe                RNG_DriverIRQHandler
                0x000002fe                DMA5_DriverIRQHandler
                0x000002fe                DMA12_DriverIRQHandler
                0x000002fe                UART2_RX_TX_DriverIRQHandler
                0x000002fe                DMA3_DriverIRQHandler
                0x000002fe                Reserved53_DriverIRQHandler
                0x000002fe                DMA8_DriverIRQHandler
                0x000002fe                DMA9_DriverIRQHandler
                0x000002fe                UART0_ERR_DriverIRQHandler
                0x000002fe                Reserved71_DriverIRQHandler
                0x000002fe                ADC1_DriverIRQHandler
                0x000002fe                PORTA_DriverIRQHandler
                0x000002fe                DMA14_DriverIRQHandler
                0x000002fe                PIT3_DriverIRQHandler
                0x000002fe                PIT1_DriverIRQHandler
                0x000002fe                WDOG_EWM_DriverIRQHandler
                0x000002fe                PDB0_DriverIRQHandler
                0x000002fe                Reserved83_DriverIRQHandler
                0x000002fe                Reserved61_DriverIRQHandler
                0x000002fe                RTC_DriverIRQHandler
                0x000002fe                I2S0_Rx_DriverIRQHandler
                0x000002fe                Read_Collision_DriverIRQHandler
                0x000002fe                Reserved54_DriverIRQHandler
                0x000002fe                SWI_DriverIRQHandler
                0x000002fe                PORTB_DriverIRQHandler
                0x000002fe                DMA0_DriverIRQHandler
                0x000002fe                DMA1_DriverIRQHandler
                0x000002fe                I2C1_DriverIRQHandler
                0x000002fe                DMA13_DriverIRQHandler
                0x000002fe                DMA15_DriverIRQHandler
                0x000002fe                LPUART0_DriverIRQHandler
                0x000002fe                Reserved85_DriverIRQHandler
                0x000002fe                Reserved81_DriverIRQHandler
                0x000002fe                UART0_RX_TX_DriverIRQHandler
                0x000002fe                SPI0_DriverIRQHandler
                0x000002fe                ADC0_DriverIRQHandler
                0x000002fe                CMP0_DriverIRQHandler
                0x000002fe                FTM3_DriverIRQHandler
                0x000002fe                DMA4_DriverIRQHandler
                0x000002fe                UART1_ERR_DriverIRQHandler
                0x000002fe                DMA2_DriverIRQHandler
                0x000002fe                PORTD_DriverIRQHandler
                0x000002fe                Reserved70_DriverIRQHandler
                0x000002fe                Reserved86_DriverIRQHandler
                0x000002fe                PORTE_DriverIRQHandler
                0x000002fe                I2C0_DriverIRQHandler
                0x000002fe                DMA7_DriverIRQHandler
                0x000002fe                UART1_RX_TX_DriverIRQHandler
                0x00000400                . = 0x400
 *fill*         0x00000304       0xfc ff
                0x00000400                PROVIDE (__FLASH_CONFIG_START__ = .)
 *(SORT_BY_ALIGNMENT(.FlashConfig))
 .FlashConfig   0x00000400       0x10 ./startup/startup_mk22f51212.o
                0x00000400                Flash_Config
                0x00000410                PROVIDE (__FLASH_CONFIG_END__ = .)
                0x00000001                ASSERT (! ((__FLASH_CONFIG_START__ == __FLASH_CONFIG_END__)), Linker Flash Config Support Enabled, but no .FlashConfig section provided within application)
 *(SORT_BY_ALIGNMENT(.text*))
 .text.main     0x00000410      0x360 ./source/hello world.o
                0x00000410                main
 .text.disable_all_leds
                0x00000770       0x64 ./source/led.o
                0x00000770                disable_all_leds
 .text.CLOCK_SetEr32kClock
                0x000007d4       0x30 ./drivers/fsl_clock.o
 .text.CLOCK_SetPllFllSelClock
                0x00000804       0x3c ./drivers/fsl_clock.o
 .text.CLOCK_SetSimConfig
                0x00000840       0x38 ./drivers/fsl_clock.o
                0x00000840                CLOCK_SetSimConfig
 .text.CLOCK_SetInternalRefClkConfig
                0x00000878      0x104 ./drivers/fsl_clock.o
                0x00000878                CLOCK_SetInternalRefClkConfig
 .text.CLOCK_SetFeiMode
                0x0000097c       0xc0 ./drivers/fsl_clock.o
                0x0000097c                CLOCK_SetFeiMode
 .text.GPIO_PinInit
                0x00000a3c       0x68 ./drivers/fsl_gpio.o
                0x00000a3c                GPIO_PinInit
 .text.CLOCK_SetSimSafeDivs
                0x00000aa4       0x24 ./board/clock_config.o
 .text.BOARD_BootClockRUN
                0x00000ac8       0x40 ./board/clock_config.o
                0x00000ac8                BOARD_BootClockRUN
 .text.BOARD_InitPins
                0x00000b08      0x290 ./board/pin_mux.o
                0x00000b08                BOARD_InitPins
 .text.__assertion_failed
                0x00000d98       0x4c c:/nxp_shit/mcuxpressoide_11.1.0_3209/ide/plugins/com.nxp.mcuxpresso.tools.win32_11.1.0.201909161352/tools/bin/../lib/gcc/arm-none-eabi/8.3.1/../../../../arm-none-eabi/lib/thumb/v7e-m+fp/hard\libcr_semihost_nf.a(_cr_assert.o)
                0x00000d98                __assertion_failed
 .text.__sys_appexit
                0x00000de4        0xc c:/nxp_shit/mcuxpressoide_11.1.0_3209/ide/plugins/com.nxp.mcuxpresso.tools.win32_11.1.0.201909161352/tools/bin/../lib/gcc/arm-none-eabi/8.3.1/../../../../arm-none-eabi/lib/thumb/v7e-m+fp/hard\libcr_semihost_nf.a(__sys_appexit.o)
                0x00000de4                __sys_appexit
                0x00000de4                __exit
 .text._Cwritebuf
                0x00000df0       0x6c c:/nxp_shit/mcuxpressoide_11.1.0_3209/ide/plugins/com.nxp.mcuxpresso.tools.win32_11.1.0.201909161352/tools/bin/../lib/gcc/arm-none-eabi/8.3.1/../../../../arm-none-eabi/lib/thumb/v7e-m+fp/hard\libcr_c.a(_writebuf.o)
                0x00000df0                _Cwritebuf
 .text.malloc   0x00000e5c       0xc8 c:/nxp_shit/mcuxpressoide_11.1.0_3209/ide/plugins/com.nxp.mcuxpresso.tools.win32_11.1.0.201909161352/tools/bin/../lib/gcc/arm-none-eabi/8.3.1/../../../../arm-none-eabi/lib/thumb/v7e-m+fp/hard\libcr_c.a(alloc.o)
                0x00000e5c                malloc
 .text._Csys_alloc
                0x00000f24       0x20 c:/nxp_shit/mcuxpressoide_11.1.0_3209/ide/plugins/com.nxp.mcuxpresso.tools.win32_11.1.0.201909161352/tools/bin/../lib/gcc/arm-none-eabi/8.3.1/../../../../arm-none-eabi/lib/thumb/v7e-m+fp/hard\libcr_c.a(alloc.o)
                0x00000f24                _Csys_alloc
 .text.fseek    0x00000f44      0x100 c:/nxp_shit/mcuxpressoide_11.1.0_3209/ide/plugins/com.nxp.mcuxpresso.tools.win32_11.1.0.201909161352/tools/bin/../lib/gcc/arm-none-eabi/8.3.1/../../../../arm-none-eabi/lib/thumb/v7e-m+fp/hard\libcr_c.a(fseek.o)
                0x00000f44                fseek
 .text.ftell    0x00001044       0x48 c:/nxp_shit/mcuxpressoide_11.1.0_3209/ide/plugins/com.nxp.mcuxpresso.tools.win32_11.1.0.201909161352/tools/bin/../lib/gcc/arm-none-eabi/8.3.1/../../../../arm-none-eabi/lib/thumb/v7e-m+fp/hard\libcr_c.a(ftell.o)
                0x00001044                ftell
 .text._initio  0x0000108c       0x78 c:/nxp_shit/mcuxpressoide_11.1.0_3209/ide/plugins/com.nxp.mcuxpresso.tools.win32_11.1.0.201909161352/tools/bin/../lib/gcc/arm-none-eabi/8.3.1/../../../../arm-none-eabi/lib/thumb/v7e-m+fp/hard\libcr_c.a(initio.o)
                0x0000108c                _initio
 .text.setvbuf  0x00001104       0x40 c:/nxp_shit/mcuxpressoide_11.1.0_3209/ide/plugins/com.nxp.mcuxpresso.tools.win32_11.1.0.201909161352/tools/bin/../lib/gcc/arm-none-eabi/8.3.1/../../../../arm-none-eabi/lib/thumb/v7e-m+fp/hard\libcr_c.a(setvbuf.o)
                0x00001104                setvbuf
 .text._sbrk    0x00001144       0x3c c:/nxp_shit/mcuxpressoide_11.1.0_3209/ide/plugins/com.nxp.mcuxpresso.tools.win32_11.1.0.201909161352/tools/bin/../lib/gcc/arm-none-eabi/8.3.1/../../../../arm-none-eabi/lib/thumb/v7e-m+fp/hard\libcr_c.a(_cr_sbrk.o)
                0x00001144                _sbrk
 .text.fflush   0x00001180       0x44 c:/nxp_shit/mcuxpressoide_11.1.0_3209/ide/plugins/com.nxp.mcuxpresso.tools.win32_11.1.0.201909161352/tools/bin/../lib/gcc/arm-none-eabi/8.3.1/../../../../arm-none-eabi/lib/thumb/v7e-m+fp/hard\libcr_c.a(fflush.o)
                0x00001180                fflush
 .text.__check_heap_overflow
                0x000011c4       0x18 c:/nxp_shit/mcuxpressoide_11.1.0_3209/ide/plugins/com.nxp.mcuxpresso.tools.win32_11.1.0.201909161352/tools/bin/../lib/gcc/arm-none-eabi/8.3.1/../../../../arm-none-eabi/lib/thumb/v7e-m+fp/hard\libcr_c.a(_cr_check_heap.o)
                0x000011c4                __check_heap_overflow
 .text.DMA0_IRQHandler
                0x000011dc        0xc ./startup/startup_mk22f51212.o
                0x000011dc                DMA0_IRQHandler
 .text.DMA1_IRQHandler
                0x000011e8        0xc ./startup/startup_mk22f51212.o
                0x000011e8                DMA1_IRQHandler
 .text.DMA2_IRQHandler
                0x000011f4        0xc ./startup/startup_mk22f51212.o
                0x000011f4                DMA2_IRQHandler
 .text.DMA3_IRQHandler
                0x00001200        0xc ./startup/startup_mk22f51212.o
                0x00001200                DMA3_IRQHandler
 .text.DMA4_IRQHandler
                0x0000120c        0xc ./startup/startup_mk22f51212.o
                0x0000120c                DMA4_IRQHandler
 .text.DMA5_IRQHandler
                0x00001218        0xc ./startup/startup_mk22f51212.o
                0x00001218                DMA5_IRQHandler
 .text.DMA6_IRQHandler
                0x00001224        0xc ./startup/startup_mk22f51212.o
                0x00001224                DMA6_IRQHandler
 .text.DMA7_IRQHandler
                0x00001230        0xc ./startup/startup_mk22f51212.o
                0x00001230                DMA7_IRQHandler
 .text.DMA8_IRQHandler
                0x0000123c        0xc ./startup/startup_mk22f51212.o
                0x0000123c                DMA8_IRQHandler
 .text.DMA9_IRQHandler
                0x00001248        0xc ./startup/startup_mk22f51212.o
                0x00001248                DMA9_IRQHandler
 .text.DMA10_IRQHandler
                0x00001254        0xc ./startup/startup_mk22f51212.o
                0x00001254                DMA10_IRQHandler
 .text.DMA11_IRQHandler
                0x00001260        0xc ./startup/startup_mk22f51212.o
                0x00001260                DMA11_IRQHandler
 .text.DMA12_IRQHandler
                0x0000126c        0xc ./startup/startup_mk22f51212.o
                0x0000126c                DMA12_IRQHandler
 .text.DMA13_IRQHandler
                0x00001278        0xc ./startup/startup_mk22f51212.o
                0x00001278                DMA13_IRQHandler
 .text.DMA14_IRQHandler
                0x00001284        0xc ./startup/startup_mk22f51212.o
                0x00001284                DMA14_IRQHandler
 .text.DMA15_IRQHandler
                0x00001290        0xc ./startup/startup_mk22f51212.o
                0x00001290                DMA15_IRQHandler
 .text.DMA_Error_IRQHandler
                0x0000129c        0xc ./startup/startup_mk22f51212.o
                0x0000129c                DMA_Error_IRQHandler
 .text.MCM_IRQHandler
                0x000012a8        0xc ./startup/startup_mk22f51212.o
                0x000012a8                MCM_IRQHandler
 .text.FTF_IRQHandler
                0x000012b4        0xc ./startup/startup_mk22f51212.o
                0x000012b4                FTF_IRQHandler
 .text.Read_Collision_IRQHandler
                0x000012c0        0xc ./startup/startup_mk22f51212.o
                0x000012c0                Read_Collision_IRQHandler
 .text.LVD_LVW_IRQHandler
                0x000012cc        0xc ./startup/startup_mk22f51212.o
                0x000012cc                LVD_LVW_IRQHandler
 .text.LLWU_IRQHandler
                0x000012d8        0xc ./startup/startup_mk22f51212.o
                0x000012d8                LLWU_IRQHandler
 .text.WDOG_EWM_IRQHandler
                0x000012e4        0xc ./startup/startup_mk22f51212.o
                0x000012e4                WDOG_EWM_IRQHandler
 .text.RNG_IRQHandler
                0x000012f0        0xc ./startup/startup_mk22f51212.o
                0x000012f0                RNG_IRQHandler
 .text.I2C0_IRQHandler
                0x000012fc        0xc ./startup/startup_mk22f51212.o
                0x000012fc                I2C0_IRQHandler
 .text.I2C1_IRQHandler
                0x00001308        0xc ./startup/startup_mk22f51212.o
                0x00001308                I2C1_IRQHandler
 .text.SPI0_IRQHandler
                0x00001314        0xc ./startup/startup_mk22f51212.o
                0x00001314                SPI0_IRQHandler
 .text.SPI1_IRQHandler
                0x00001320        0xc ./startup/startup_mk22f51212.o
                0x00001320                SPI1_IRQHandler
 .text.I2S0_Tx_IRQHandler
                0x0000132c        0xc ./startup/startup_mk22f51212.o
                0x0000132c                I2S0_Tx_IRQHandler
 .text.I2S0_Rx_IRQHandler
                0x00001338        0xc ./startup/startup_mk22f51212.o
                0x00001338                I2S0_Rx_IRQHandler
 .text.LPUART0_IRQHandler
                0x00001344        0xc ./startup/startup_mk22f51212.o
                0x00001344                LPUART0_IRQHandler
 .text.UART0_RX_TX_IRQHandler
                0x00001350        0xc ./startup/startup_mk22f51212.o
                0x00001350                UART0_RX_TX_IRQHandler
 .text.UART0_ERR_IRQHandler
                0x0000135c        0xc ./startup/startup_mk22f51212.o
                0x0000135c                UART0_ERR_IRQHandler
 .text.UART1_RX_TX_IRQHandler
                0x00001368        0xc ./startup/startup_mk22f51212.o
                0x00001368                UART1_RX_TX_IRQHandler
 .text.UART1_ERR_IRQHandler
                0x00001374        0xc ./startup/startup_mk22f51212.o
                0x00001374                UART1_ERR_IRQHandler
 .text.UART2_RX_TX_IRQHandler
                0x00001380        0xc ./startup/startup_mk22f51212.o
                0x00001380                UART2_RX_TX_IRQHandler
 .text.UART2_ERR_IRQHandler
                0x0000138c        0xc ./startup/startup_mk22f51212.o
                0x0000138c                UART2_ERR_IRQHandler
 .text.Reserved53_IRQHandler
                0x00001398        0xc ./startup/startup_mk22f51212.o
                0x00001398                Reserved53_IRQHandler
 .text.Reserved54_IRQHandler
                0x000013a4        0xc ./startup/startup_mk22f51212.o
                0x000013a4                Reserved54_IRQHandler
 .text.ADC0_IRQHandler
                0x000013b0        0xc ./startup/startup_mk22f51212.o
                0x000013b0                ADC0_IRQHandler
 .text.CMP0_IRQHandler
                0x000013bc        0xc ./startup/startup_mk22f51212.o
                0x000013bc                CMP0_IRQHandler
 .text.CMP1_IRQHandler
                0x000013c8        0xc ./startup/startup_mk22f51212.o
                0x000013c8                CMP1_IRQHandler
 .text.FTM0_IRQHandler
                0x000013d4        0xc ./startup/startup_mk22f51212.o
                0x000013d4                FTM0_IRQHandler
 .text.FTM1_IRQHandler
                0x000013e0        0xc ./startup/startup_mk22f51212.o
                0x000013e0                FTM1_IRQHandler
 .text.FTM2_IRQHandler
                0x000013ec        0xc ./startup/startup_mk22f51212.o
                0x000013ec                FTM2_IRQHandler
 .text.Reserved61_IRQHandler
                0x000013f8        0xc ./startup/startup_mk22f51212.o
                0x000013f8                Reserved61_IRQHandler
 .text.RTC_IRQHandler
                0x00001404        0xc ./startup/startup_mk22f51212.o
                0x00001404                RTC_IRQHandler
 .text.RTC_Seconds_IRQHandler
                0x00001410        0xc ./startup/startup_mk22f51212.o
                0x00001410                RTC_Seconds_IRQHandler
 .text.PIT0_IRQHandler
                0x0000141c        0xc ./startup/startup_mk22f51212.o
                0x0000141c                PIT0_IRQHandler
 .text.PIT1_IRQHandler
                0x00001428        0xc ./startup/startup_mk22f51212.o
                0x00001428                PIT1_IRQHandler
 .text.PIT2_IRQHandler
                0x00001434        0xc ./startup/startup_mk22f51212.o
                0x00001434                PIT2_IRQHandler
 .text.PIT3_IRQHandler
                0x00001440        0xc ./startup/startup_mk22f51212.o
                0x00001440                PIT3_IRQHandler
 .text.PDB0_IRQHandler
                0x0000144c        0xc ./startup/startup_mk22f51212.o
                0x0000144c                PDB0_IRQHandler
 .text.USB0_IRQHandler
                0x00001458        0xc ./startup/startup_mk22f51212.o
                0x00001458                USB0_IRQHandler
 .text.Reserved70_IRQHandler
                0x00001464        0xc ./startup/startup_mk22f51212.o
                0x00001464                Reserved70_IRQHandler
 .text.Reserved71_IRQHandler
                0x00001470        0xc ./startup/startup_mk22f51212.o
                0x00001470                Reserved71_IRQHandler
 .text.DAC0_IRQHandler
                0x0000147c        0xc ./startup/startup_mk22f51212.o
                0x0000147c                DAC0_IRQHandler
 .text.MCG_IRQHandler
                0x00001488        0xc ./startup/startup_mk22f51212.o
                0x00001488                MCG_IRQHandler
 .text.LPTMR0_IRQHandler
                0x00001494        0xc ./startup/startup_mk22f51212.o
                0x00001494                LPTMR0_IRQHandler
 .text.PORTA_IRQHandler
                0x000014a0        0xc ./startup/startup_mk22f51212.o
                0x000014a0                PORTA_IRQHandler
 .text.PORTB_IRQHandler
                0x000014ac        0xc ./startup/startup_mk22f51212.o
                0x000014ac                PORTB_IRQHandler
 .text.PORTC_IRQHandler
                0x000014b8        0xc ./startup/startup_mk22f51212.o
                0x000014b8                PORTC_IRQHandler
 .text.PORTD_IRQHandler
                0x000014c4        0xc ./startup/startup_mk22f51212.o
                0x000014c4                PORTD_IRQHandler
 .text.PORTE_IRQHandler
                0x000014d0        0xc ./startup/startup_mk22f51212.o
                0x000014d0                PORTE_IRQHandler
 .text.SWI_IRQHandler
                0x000014dc        0xc ./startup/startup_mk22f51212.o
                0x000014dc                SWI_IRQHandler
 .text.Reserved81_IRQHandler
                0x000014e8        0xc ./startup/startup_mk22f51212.o
                0x000014e8                Reserved81_IRQHandler
 .text.Reserved82_IRQHandler
                0x000014f4        0xc ./startup/startup_mk22f51212.o
                0x000014f4                Reserved82_IRQHandler
 .text.Reserved83_IRQHandler
                0x00001500        0xc ./startup/startup_mk22f51212.o
                0x00001500                Reserved83_IRQHandler
 .text.Reserved84_IRQHandler
                0x0000150c        0xc ./startup/startup_mk22f51212.o
                0x0000150c                Reserved84_IRQHandler
 .text.Reserved85_IRQHandler
                0x00001518        0xc ./startup/startup_mk22f51212.o
                0x00001518                Reserved85_IRQHandler
 .text.Reserved86_IRQHandler
                0x00001524        0xc ./startup/startup_mk22f51212.o
                0x00001524                Reserved86_IRQHandler
 .text.FTM3_IRQHandler
                0x00001530        0xc ./startup/startup_mk22f51212.o
                0x00001530                FTM3_IRQHandler
 .text.DAC1_IRQHandler
                0x0000153c        0xc ./startup/startup_mk22f51212.o
                0x0000153c                DAC1_IRQHandler
 .text.ADC1_IRQHandler
                0x00001548        0xc ./startup/startup_mk22f51212.o
                0x00001548                ADC1_IRQHandler
 .text.GPIO_PinWrite
                0x00001554       0x3a ./source/hello world.o
 .text.GPIO_PinRead
                0x0000158e       0x24 ./source/hello world.o
 .text.GPIO_PinWrite
                0x000015b2       0x3a ./source/led.o
 .text.HardFault_Handler
                0x000015ec       0x2c ./source/semihost_hardfault.o
                0x000015ec                HardFault_Handler
 .text.CLOCK_BootToFeiMode
                0x00001618       0x26 ./drivers/fsl_clock.o
                0x00001618                CLOCK_BootToFeiMode
 .text.GPIO_PinWrite
                0x0000163e       0x3a ./drivers/fsl_gpio.o
 .text.CLOCK_CONFIG_FllStableDelay
                0x00001678       0x26 ./board/clock_config.o
 .text.BOARD_InitBootClocks
                0x0000169e        0xc ./board/clock_config.o
                0x0000169e                BOARD_InitBootClocks
 .text.BOARD_InitPeripherals
                0x000016aa        0xe ./board/peripherals.o
                0x000016aa                BOARD_InitPeripherals
 .text.BOARD_InitBootPeripherals
                0x000016b8        0xc ./board/peripherals.o
                0x000016b8                BOARD_InitBootPeripherals
 .text.CLOCK_EnableClock
                0x000016c4       0x34 ./board/pin_mux.o
 .text.PORT_SetPinMux
                0x000016f8       0x3a ./board/pin_mux.o
 .text.BOARD_InitBootPins
                0x00001732        0xc ./board/pin_mux.o
                0x00001732                BOARD_InitBootPins
 .text.__main   0x0000173e        0xe c:/nxp_shit/mcuxpressoide_11.1.0_3209/ide/plugins/com.nxp.mcuxpresso.tools.win32_11.1.0.201909161352/tools/bin/../lib/gcc/arm-none-eabi/8.3.1/../../../../arm-none-eabi/lib/thumb/v7e-m+fp/hard\libcr_semihost_nf.a(_cr__main.o)
                0x0000173e                __CR_SEMIHOST
                0x0000173e                __main
 .text._deferredlazyseek
                0x0000174c       0x40 c:/nxp_shit/mcuxpressoide_11.1.0_3209/ide/plugins/com.nxp.mcuxpresso.tools.win32_11.1.0.201909161352/tools/bin/../lib/gcc/arm-none-eabi/8.3.1/../../../../arm-none-eabi/lib/thumb/v7e-m+fp/hard\libcr_c.a(_deferredlazyseek.o)
                0x0000174c                _deferredlazyseek
 .text.__flsbuf
                0x0000178c      0x140 c:/nxp_shit/mcuxpressoide_11.1.0_3209/ide/plugins/com.nxp.mcuxpresso.tools.win32_11.1.0.201909161352/tools/bin/../lib/gcc/arm-none-eabi/8.3.1/../../../../arm-none-eabi/lib/thumb/v7e-m+fp/hard\libcr_c.a(_deferredlazyseek.o)
                0x0000178c                __flsbuf
 .text._fflush  0x000018cc       0x52 c:/nxp_shit/mcuxpressoide_11.1.0_3209/ide/plugins/com.nxp.mcuxpresso.tools.win32_11.1.0.201909161352/tools/bin/../lib/gcc/arm-none-eabi/8.3.1/../../../../arm-none-eabi/lib/thumb/v7e-m+fp/hard\libcr_c.a(_fflush.o)
                0x000018cc                _fflush
 .text.free     0x0000191e       0x30 c:/nxp_shit/mcuxpressoide_11.1.0_3209/ide/plugins/com.nxp.mcuxpresso.tools.win32_11.1.0.201909161352/tools/bin/../lib/gcc/arm-none-eabi/8.3.1/../../../../arm-none-eabi/lib/thumb/v7e-m+fp/hard\libcr_c.a(alloc.o)
                0x0000191e                free
 .text.fputs    0x0000194e       0x2c c:/nxp_shit/mcuxpressoide_11.1.0_3209/ide/plugins/com.nxp.mcuxpresso.tools.win32_11.1.0.201909161352/tools/bin/../lib/gcc/arm-none-eabi/8.3.1/../../../../arm-none-eabi/lib/thumb/v7e-m+fp/hard\libcr_c.a(fputs.o)
                0x0000194e                fputs
 .text.memset   0x0000197a        0x4 c:/nxp_shit/mcuxpressoide_11.1.0_3209/ide/plugins/com.nxp.mcuxpresso.tools.win32_11.1.0.201909161352/tools/bin/../lib/gcc/arm-none-eabi/8.3.1/../../../../arm-none-eabi/lib/thumb/v7e-m+fp/hard\libcr_c.a(memset.o)
                0x0000197a                memset
 .text._fdopen  0x0000197e       0x68 c:/nxp_shit/mcuxpressoide_11.1.0_3209/ide/plugins/com.nxp.mcuxpresso.tools.win32_11.1.0.201909161352/tools/bin/../lib/gcc/arm-none-eabi/8.3.1/../../../../arm-none-eabi/lib/thumb/v7e-m+fp/hard\libcr_c.a(_fdopen.o)
                0x0000197e                _fdopen
 .text.fclose   0x000019e6       0x58 c:/nxp_shit/mcuxpressoide_11.1.0_3209/ide/plugins/com.nxp.mcuxpresso.tools.win32_11.1.0.201909161352/tools/bin/../lib/gcc/arm-none-eabi/8.3.1/../../../../arm-none-eabi/lib/thumb/v7e-m+fp/hard\libcr_c.a(fclose.o)
                0x000019e6                fclose
 .text.remove   0x00001a3e       0x14 c:/nxp_shit/mcuxpressoide_11.1.0_3209/ide/plugins/com.nxp.mcuxpresso.tools.win32_11.1.0.201909161352/tools/bin/../lib/gcc/arm-none-eabi/8.3.1/../../../../arm-none-eabi/lib/thumb/v7e-m+fp/hard\libcr_c.a(remove.o)
                0x00001a3e                remove
 .text.strlen   0x00001a52       0x4c c:/nxp_shit/mcuxpressoide_11.1.0_3209/ide/plugins/com.nxp.mcuxpresso.tools.win32_11.1.0.201909161352/tools/bin/../lib/gcc/arm-none-eabi/8.3.1/../../../../arm-none-eabi/lib/thumb/v7e-m+fp/hard\libcr_c.a(strlen.o)
                0x00001a52                strlen
 .text._do_fflush
                0x00001a9e       0x40 c:/nxp_shit/mcuxpressoide_11.1.0_3209/ide/plugins/com.nxp.mcuxpresso.tools.win32_11.1.0.201909161352/tools/bin/../lib/gcc/arm-none-eabi/8.3.1/../../../../arm-none-eabi/lib/thumb/v7e-m+fp/hard\libcr_c.a(_do_fflush.o)
                0x00001a9e                _do_fflush
 .text.__aeabi_memset_lowlevel
                0x00001ade       0x32 c:/nxp_shit/mcuxpressoide_11.1.0_3209/ide/plugins/com.nxp.mcuxpresso.tools.win32_11.1.0.201909161352/tools/bin/../lib/gcc/arm-none-eabi/8.3.1/thumb/v7e-m+fp/hard\libcr_eabihelpers.a(memcpy.o)
                0x00001ade                __aeabi_lowlevel_memset
 .text.__sys_close
                0x00001b10        0xc c:/nxp_shit/mcuxpressoide_11.1.0_3209/ide/plugins/com.nxp.mcuxpresso.tools.win32_11.1.0.201909161352/tools/bin/../lib/gcc/arm-none-eabi/8.3.1/../../../../arm-none-eabi/lib/thumb/v7e-m+fp/hard\libcr_semihost_nf.a(__sys_close.o)
                0x00001b10                __sys_close
 .text.__sys_flen
                0x00001b1c        0xc c:/nxp_shit/mcuxpressoide_11.1.0_3209/ide/plugins/com.nxp.mcuxpresso.tools.win32_11.1.0.201909161352/tools/bin/../lib/gcc/arm-none-eabi/8.3.1/../../../../arm-none-eabi/lib/thumb/v7e-m+fp/hard\libcr_semihost_nf.a(__sys_flen.o)
                0x00001b1c                __sys_flen
 .text.__sys_istty
                0x00001b28        0xc c:/nxp_shit/mcuxpressoide_11.1.0_3209/ide/plugins/com.nxp.mcuxpresso.tools.win32_11.1.0.201909161352/tools/bin/../lib/gcc/arm-none-eabi/8.3.1/../../../../arm-none-eabi/lib/thumb/v7e-m+fp/hard\libcr_semihost_nf.a(__sys_istty.o)
                0x00001b28                __sys_istty
 .text.__sys_remove
                0x00001b34        0xc c:/nxp_shit/mcuxpressoide_11.1.0_3209/ide/plugins/com.nxp.mcuxpresso.tools.win32_11.1.0.201909161352/tools/bin/../lib/gcc/arm-none-eabi/8.3.1/../../../../arm-none-eabi/lib/thumb/v7e-m+fp/hard\libcr_semihost_nf.a(__sys_remove.o)
                0x00001b34                __sys_remove
 .text.__sys_seek
                0x00001b40        0xc c:/nxp_shit/mcuxpressoide_11.1.0_3209/ide/plugins/com.nxp.mcuxpresso.tools.win32_11.1.0.201909161352/tools/bin/../lib/gcc/arm-none-eabi/8.3.1/../../../../arm-none-eabi/lib/thumb/v7e-m+fp/hard\libcr_semihost_nf.a(__sys_seek.o)
                0x00001b40                __sys_seek
 .text.__sys_tmpnam
                0x00001b4c        0xc c:/nxp_shit/mcuxpressoide_11.1.0_3209/ide/plugins/com.nxp.mcuxpresso.tools.win32_11.1.0.201909161352/tools/bin/../lib/gcc/arm-none-eabi/8.3.1/../../../../arm-none-eabi/lib/thumb/v7e-m+fp/hard\libcr_semihost_nf.a(__sys_tmpnam.o)
                0x00001b4c                __sys_tmpnam
 .text.__sys_write
                0x00001b58        0xc c:/nxp_shit/mcuxpressoide_11.1.0_3209/ide/plugins/com.nxp.mcuxpresso.tools.win32_11.1.0.201909161352/tools/bin/../lib/gcc/arm-none-eabi/8.3.1/../../../../arm-none-eabi/lib/thumb/v7e-m+fp/hard\libcr_semihost_nf.a(__sys_write.o)
                0x00001b58                __sys_write
 *(SORT_BY_ALIGNMENT(.rodata) SORT_BY_ALIGNMENT(.rodata.*) SORT_BY_ALIGNMENT(.constdata) SORT_BY_ALIGNMENT(.constdata.*))
 .rodata.GPIO_PinInit.str1.4
                0x00001b64       0x24 ./drivers/fsl_gpio.o
                                 0x21 (size before relaxing)
 .rodata.simConfig_BOARD_BootClockRUN
                0x00001b88        0x8 ./board/clock_config.o
                0x00001b88                simConfig_BOARD_BootClockRUN
 .rodata.__num_Ciob_streams
                0x00001b90        0x4 c:/nxp_shit/mcuxpressoide_11.1.0_3209/ide/plugins/com.nxp.mcuxpresso.tools.win32_11.1.0.201909161352/tools/bin/../lib/gcc/arm-none-eabi/8.3.1/../../../../arm-none-eabi/lib/thumb/v7e-m+fp/hard\libcr_semihost_nf.a(__ciob.o)
                0x00001b90                __num_Ciob_streams
 .rodata.__assertion_failed.str1.1
                0x00001b94       0x15 c:/nxp_shit/mcuxpressoide_11.1.0_3209/ide/plugins/com.nxp.mcuxpresso.tools.win32_11.1.0.201909161352/tools/bin/../lib/gcc/arm-none-eabi/8.3.1/../../../../arm-none-eabi/lib/thumb/v7e-m+fp/hard\libcr_semihost_nf.a(_cr_assert.o)
 .rodata._Csys_alloc.str1.1
                0x00001ba9       0x18 c:/nxp_shit/mcuxpressoide_11.1.0_3209/ide/plugins/com.nxp.mcuxpresso.tools.win32_11.1.0.201909161352/tools/bin/../lib/gcc/arm-none-eabi/8.3.1/../../../../arm-none-eabi/lib/thumb/v7e-m+fp/hard\libcr_c.a(alloc.o)
 .rodata._initio.str1.1
                0x00001bc1        0x4 c:/nxp_shit/mcuxpressoide_11.1.0_3209/ide/plugins/com.nxp.mcuxpresso.tools.win32_11.1.0.201909161352/tools/bin/../lib/gcc/arm-none-eabi/8.3.1/../../../../arm-none-eabi/lib/thumb/v7e-m+fp/hard\libcr_c.a(initio.o)
                0x00001bc8                . = ALIGN (0x4)
 *fill*         0x00001bc5        0x3 ff

.glue_7         0x00001bc8        0x0
 .glue_7        0x00001bc8        0x0 linker stubs

.glue_7t        0x00001bc8        0x0
 .glue_7t       0x00001bc8        0x0 linker stubs

.vfp11_veneer   0x00001bc8        0x0
 .vfp11_veneer  0x00001bc8        0x0 linker stubs

.v4_bx          0x00001bc8        0x0
 .v4_bx         0x00001bc8        0x0 linker stubs

.iplt           0x00001bc8        0x0
 .iplt          0x00001bc8        0x0 ./startup/startup_mk22f51212.o

.rel.dyn        0x00001bc8        0x0
 .rel.iplt      0x00001bc8        0x0 ./startup/startup_mk22f51212.o

.ARM.extab
 *(SORT_BY_ALIGNMENT(.ARM.extab*) SORT_BY_ALIGNMENT(.gnu.linkonce.armextab.*))
                0x00001bc8                __exidx_start = .

.ARM.exidx
 *(SORT_BY_ALIGNMENT(.ARM.exidx*) SORT_BY_ALIGNMENT(.gnu.linkonce.armexidx.*))
                0x00001bc8                __exidx_end = .
                0x00001bc8                _etext = .

.m_usb_data
 *(SORT_BY_ALIGNMENT(m_usb_bdt))

.data_RAM2      0x1fff0000        0x0 load address 0x00001bc8
 FILL mask 0xff
                [!provide]                PROVIDE (__start_data_RAM2 = .)
                [!provide]                PROVIDE (__start_data_SRAM_LOWER = .)
 *(SORT_BY_ALIGNMENT(.ramfunc.$RAM2))
 *(SORT_BY_ALIGNMENT(.ramfunc.$SRAM_LOWER))
 *(SORT_BY_ALIGNMENT(.data.$RAM2))
 *(SORT_BY_ALIGNMENT(.data.$SRAM_LOWER))
 *(SORT_BY_ALIGNMENT(.data.$RAM2.*))
 *(SORT_BY_ALIGNMENT(.data.$SRAM_LOWER.*))
                0x1fff0000                . = ALIGN (0x4)
                [!provide]                PROVIDE (__end_data_RAM2 = .)
                [!provide]                PROVIDE (__end_data_SRAM_LOWER = .)

.uninit_RESERVED
                0x20000000        0x0
                0x20000000                _start_uninit_RESERVED = .
 *(SORT_BY_ALIGNMENT(.bss.$RESERVED*))
                0x20000000                . = ALIGN (0x4)
                0x20000000                _end_uninit_RESERVED = .

.data           0x20000000        0x4 load address 0x00001bc8
 FILL mask 0xff
                0x20000000                _data = .
                [!provide]                PROVIDE (__start_data_RAM = .)
                [!provide]                PROVIDE (__start_data_SRAM_UPPER = .)
 *(SORT_BY_ALIGNMENT(vtable))
 *(SORT_BY_ALIGNMENT(.ramfunc*))
 *(SORT_BY_ALIGNMENT(CodeQuickAccess))
 *(SORT_BY_ALIGNMENT(DataQuickAccess))
 *(SORT_BY_ALIGNMENT(RamFunction))
 *(SORT_BY_ALIGNMENT(.data*))
 .data.SystemCoreClock
                0x20000000        0x4 ./device/system_MK22F51212.o
                0x20000000                SystemCoreClock
                0x20000004                . = ALIGN (0x4)
                0x20000004                _edata = .
                [!provide]                PROVIDE (__end_data_RAM = .)
                [!provide]                PROVIDE (__end_data_SRAM_UPPER = .)

.igot.plt       0x20000004        0x0 load address 0x00001bcc
 .igot.plt      0x20000004        0x0 ./startup/startup_mk22f51212.o

.bss_RAM2       0x1fff0000        0x0
                [!provide]                PROVIDE (__start_bss_RAM2 = .)
                [!provide]                PROVIDE (__start_bss_SRAM_LOWER = .)
 *(SORT_BY_ALIGNMENT(.bss.$RAM2))
 *(SORT_BY_ALIGNMENT(.bss.$SRAM_LOWER))
 *(SORT_BY_ALIGNMENT(.bss.$RAM2.*))
 *(SORT_BY_ALIGNMENT(.bss.$SRAM_LOWER.*))
                0x1fff0000                . = ALIGN ((. != 0x0)?0x4:0x1)
                [!provide]                PROVIDE (__end_bss_RAM2 = .)
                [!provide]                PROVIDE (__end_bss_SRAM_LOWER = .)

.bss            0x20000004       0xc0
                0x20000004                _bss = .
                [!provide]                PROVIDE (__start_bss_RAM = .)
                [!provide]                PROVIDE (__start_bss_SRAM_UPPER = .)
 *(SORT_BY_ALIGNMENT(.bss*))
 .bss.__Ciob    0x20000004       0xb4 c:/nxp_shit/mcuxpressoide_11.1.0_3209/ide/plugins/com.nxp.mcuxpresso.tools.win32_11.1.0.201909161352/tools/bin/../lib/gcc/arm-none-eabi/8.3.1/../../../../arm-none-eabi/lib/thumb/v7e-m+fp/hard\libcr_semihost_nf.a(__ciob.o)
                0x20000004                __Ciob
 .bss.__end_of_heap
                0x200000b8        0x4 c:/nxp_shit/mcuxpressoide_11.1.0_3209/ide/plugins/com.nxp.mcuxpresso.tools.win32_11.1.0.201909161352/tools/bin/../lib/gcc/arm-none-eabi/8.3.1/../../../../arm-none-eabi/lib/thumb/v7e-m+fp/hard\libcr_c.a(__init_alloc.o)
                0x200000b8                __end_of_heap
 .bss.__heaps   0x200000bc        0x4 c:/nxp_shit/mcuxpressoide_11.1.0_3209/ide/plugins/com.nxp.mcuxpresso.tools.win32_11.1.0.201909161352/tools/bin/../lib/gcc/arm-none-eabi/8.3.1/../../../../arm-none-eabi/lib/thumb/v7e-m+fp/hard\libcr_c.a(__init_alloc.o)
                0x200000bc                __heaps
 .bss.errno     0x200000c0        0x4 c:/nxp_shit/mcuxpressoide_11.1.0_3209/ide/plugins/com.nxp.mcuxpresso.tools.win32_11.1.0.201909161352/tools/bin/../lib/gcc/arm-none-eabi/8.3.1/../../../../arm-none-eabi/lib/thumb/v7e-m+fp/hard\libcr_c.a(errno.o)
                0x200000c0                errno
 *(SORT_BY_ALIGNMENT(COMMON))
                0x200000c4                . = ALIGN (0x4)
                0x200000c4                _ebss = .
                [!provide]                PROVIDE (__end_bss_RAM = .)
                [!provide]                PROVIDE (__end_bss_SRAM_UPPER = .)
                [!provide]                PROVIDE (end = .)

.noinit_RAM2    0x1fff0000        0x0
                [!provide]                PROVIDE (__start_noinit_RAM2 = .)
                [!provide]                PROVIDE (__start_noinit_SRAM_LOWER = .)
 *(SORT_BY_ALIGNMENT(.noinit.$RAM2))
 *(SORT_BY_ALIGNMENT(.noinit.$SRAM_LOWER))
 *(SORT_BY_ALIGNMENT(.noinit.$RAM2.*))
 *(SORT_BY_ALIGNMENT(.noinit.$SRAM_LOWER.*))
                0x1fff0000                . = ALIGN (0x4)
                [!provide]                PROVIDE (__end_noinit_RAM2 = .)
                [!provide]                PROVIDE (__end_noinit_SRAM_LOWER = .)

.noinit         0x200000c4        0x0
                0x200000c4                _noinit = .
                [!provide]                PROVIDE (__start_noinit_RAM = .)
                [!provide]                PROVIDE (__start_noinit_SRAM_UPPER = .)
 *(SORT_BY_ALIGNMENT(.noinit*))
                0x200000c4                . = ALIGN (0x4)
                0x200000c4                _end_noinit = .
                [!provide]                PROVIDE (__end_noinit_RAM = .)
                [!provide]                PROVIDE (__end_noinit_SRAM_UPPER = .)
                0x00001000                _HeapSize = 0x1000

.heap           0x200000c4     0x1000
                0x200000c4                _pvHeapStart = .
                0x200010c4                . = (. + _HeapSize)
 *fill*         0x200000c4     0x1000 
                0x200010c4                . = ALIGN (0x4)
                0x200010c4                _pvHeapLimit = .
                0x00001000                _StackSize = 0x1000

.heap2stackfill
                0x200010c4     0x1000
                0x200020c4                . = (. + _StackSize)
 *fill*         0x200010c4     0x1000 

.stack          0x2000f000        0x0
                0x2000f000                _vStackBase = .
                0x2000f000                . = ALIGN (0x4)
                0x20010000                _vStackTop = (. + _StackSize)
                0x00000000                _image_start = LOADADDR (.text)
                0x00001bcc                _image_end = (LOADADDR (.data) + SIZEOF (.data))
                0x00001bcc                _image_size = (_image_end - _image_start)
OUTPUT(hello world.axf elf32-littlearm)

.debug_info     0x00000000     0x4fba
 .debug_info    0x00000000      0x876 ./startup/startup_mk22f51212.o
 .debug_info    0x00000876      0x74a ./source/hello world.o
 .debug_info    0x00000fc0      0x1e3 ./source/led.o
 .debug_info    0x000011a3       0x3c ./source/semihost_hardfault.o
 .debug_info    0x000011df     0x2109 ./drivers/fsl_clock.o
 .debug_info    0x000032e8      0x6e0 ./drivers/fsl_gpio.o
 .debug_info    0x000039c8      0x690 ./device/system_MK22F51212.o
 .debug_info    0x00004058      0x8dd ./board/clock_config.o
 .debug_info    0x00004935       0x4e ./board/peripherals.o
 .debug_info    0x00004983      0x637 ./board/pin_mux.o

.debug_abbrev   0x00000000      0xec5
 .debug_abbrev  0x00000000      0x16b ./startup/startup_mk22f51212.o
 .debug_abbrev  0x0000016b      0x1b6 ./source/hello world.o
 .debug_abbrev  0x00000321      0x122 ./source/led.o
 .debug_abbrev  0x00000443       0x31 ./source/semihost_hardfault.o
 .debug_abbrev  0x00000474      0x35c ./drivers/fsl_clock.o
 .debug_abbrev  0x000007d0      0x1b8 ./drivers/fsl_gpio.o
 .debug_abbrev  0x00000988      0x170 ./device/system_MK22F51212.o
 .debug_abbrev  0x00000af8      0x1a1 ./board/clock_config.o
 .debug_abbrev  0x00000c99       0x4b ./board/peripherals.o
 .debug_abbrev  0x00000ce4      0x1e1 ./board/pin_mux.o

.debug_aranges  0x00000000      0x658
 .debug_aranges
                0x00000000      0x2d0 ./startup/startup_mk22f51212.o
 .debug_aranges
                0x000002d0       0x30 ./source/hello world.o
 .debug_aranges
                0x00000300       0x28 ./source/led.o
 .debug_aranges
                0x00000328       0x20 ./source/semihost_hardfault.o
 .debug_aranges
                0x00000348      0x208 ./drivers/fsl_clock.o
 .debug_aranges
                0x00000550       0x40 ./drivers/fsl_gpio.o
 .debug_aranges
                0x00000590       0x30 ./device/system_MK22F51212.o
 .debug_aranges
                0x000005c0       0x38 ./board/clock_config.o
 .debug_aranges
                0x000005f8       0x28 ./board/peripherals.o
 .debug_aranges
                0x00000620       0x38 ./board/pin_mux.o

.debug_ranges   0x00000000      0x5b8
 .debug_ranges  0x00000000      0x2c0 ./startup/startup_mk22f51212.o
 .debug_ranges  0x000002c0       0x20 ./source/hello world.o
 .debug_ranges  0x000002e0       0x18 ./source/led.o
 .debug_ranges  0x000002f8       0x10 ./source/semihost_hardfault.o
 .debug_ranges  0x00000308      0x1f8 ./drivers/fsl_clock.o
 .debug_ranges  0x00000500       0x30 ./drivers/fsl_gpio.o
 .debug_ranges  0x00000530       0x20 ./device/system_MK22F51212.o
 .debug_ranges  0x00000550       0x28 ./board/clock_config.o
 .debug_ranges  0x00000578       0x18 ./board/peripherals.o
 .debug_ranges  0x00000590       0x28 ./board/pin_mux.o

.debug_macro    0x00000000     0xd0d3
 .debug_macro   0x00000000       0x23 ./startup/startup_mk22f51212.o
 .debug_macro   0x00000023      0xaa2 ./startup/startup_mk22f51212.o
 .debug_macro   0x00000ac5      0x144 ./source/hello world.o
 .debug_macro   0x00000c09       0x10 ./source/hello world.o
 .debug_macro   0x00000c19      0x12e ./source/hello world.o
 .debug_macro   0x00000d47       0xa0 ./source/hello world.o
 .debug_macro   0x00000de7       0x10 ./source/hello world.o
 .debug_macro   0x00000df7      0x106 ./source/hello world.o
 .debug_macro   0x00000efd       0x16 ./source/hello world.o
 .debug_macro   0x00000f13       0x22 ./source/hello world.o
 .debug_macro   0x00000f35      0x5b3 ./source/hello world.o
 .debug_macro   0x000014e8       0x22 ./source/hello world.o
 .debug_macro   0x0000150a       0x10 ./source/hello world.o
 .debug_macro   0x0000151a       0x57 ./source/hello world.o
 .debug_macro   0x00001571       0x1c ./source/hello world.o
 .debug_macro   0x0000158d       0x22 ./source/hello world.o
 .debug_macro   0x000015af       0xd8 ./source/hello world.o
 .debug_macro   0x00001687      0xeeb ./source/hello world.o
 .debug_macro   0x00002572       0x40 ./source/hello world.o
 .debug_macro   0x000025b2     0x8fa0 ./source/hello world.o
 .debug_macro   0x0000b552     0x127f ./source/hello world.o
 .debug_macro   0x0000c7d1       0xd0 ./source/hello world.o
 .debug_macro   0x0000c8a1      0x13c ./source/hello world.o
 .debug_macro   0x0000c9dd       0x10 ./source/hello world.o
 .debug_macro   0x0000c9ed      0x107 ./source/led.o
 .debug_macro   0x0000caf4       0x1c ./source/led.o
 .debug_macro   0x0000cb10       0x11 ./source/semihost_hardfault.o
 .debug_macro   0x0000cb21      0x1ba ./drivers/fsl_clock.o
 .debug_macro   0x0000ccdb      0x104 ./drivers/fsl_gpio.o
 .debug_macro   0x0000cddf       0x98 ./device/system_MK22F51212.o
 .debug_macro   0x0000ce77      0x122 ./board/clock_config.o
 .debug_macro   0x0000cf99       0x1b ./board/peripherals.o
 .debug_macro   0x0000cfb4      0x109 ./board/pin_mux.o
 .debug_macro   0x0000d0bd       0x16 ./board/pin_mux.o

.debug_line     0x00000000     0x3923
 .debug_line    0x00000000      0x89f ./startup/startup_mk22f51212.o
 .debug_line    0x0000089f      0x587 ./source/hello world.o
 .debug_line    0x00000e26      0x436 ./source/led.o
 .debug_line    0x0000125c       0x5a ./source/semihost_hardfault.o
 .debug_line    0x000012b6     0x151a ./drivers/fsl_clock.o
 .debug_line    0x000027d0      0x404 ./drivers/fsl_gpio.o
 .debug_line    0x00002bd4      0x403 ./device/system_MK22F51212.o
 .debug_line    0x00002fd7      0x3dd ./board/clock_config.o
 .debug_line    0x000033b4       0x71 ./board/peripherals.o
 .debug_line    0x00003425      0x4fe ./board/pin_mux.o

.debug_str      0x00000000    0x568cb
 .debug_str     0x00000000     0x3538 ./startup/startup_mk22f51212.o
                               0x3590 (size before relaxing)
 .debug_str     0x00003538    0x509ba ./source/hello world.o
                              0x5383a (size before relaxing)
 .debug_str     0x00053ef2       0x21 ./source/led.o
                              0x530d0 (size before relaxing)
 .debug_str     0x00053f13       0x1f ./source/semihost_hardfault.o
                               0x2e31 (size before relaxing)
 .debug_str     0x00053f32     0x22e9 ./drivers/fsl_clock.o
                              0x55079 (size before relaxing)
 .debug_str     0x0005621b      0x175 ./drivers/fsl_gpio.o
                              0x53404 (size before relaxing)
 .debug_str     0x00056390      0x11f ./device/system_MK22F51212.o
                              0x51cd5 (size before relaxing)
 .debug_str     0x000564af       0xe7 ./board/clock_config.o
                              0x53736 (size before relaxing)
 .debug_str     0x00056596       0x47 ./board/peripherals.o
                               0x2e58 (size before relaxing)
 .debug_str     0x000565dd      0x2ee ./board/pin_mux.o
                              0x5366f (size before relaxing)

.comment        0x00000000       0x76
 .comment       0x00000000       0x76 ./startup/startup_mk22f51212.o
                                 0x77 (size before relaxing)
 .comment       0x00000076       0x77 ./source/hello world.o
 .comment       0x00000076       0x77 ./source/led.o
 .comment       0x00000076       0x77 ./source/semihost_hardfault.o
 .comment       0x00000076       0x77 ./drivers/fsl_clock.o
 .comment       0x00000076       0x77 ./drivers/fsl_gpio.o
 .comment       0x00000076       0x77 ./device/system_MK22F51212.o
 .comment       0x00000076       0x77 ./board/clock_config.o
 .comment       0x00000076       0x77 ./board/peripherals.o
 .comment       0x00000076       0x77 ./board/pin_mux.o
 .comment       0x00000076       0x77 c:/nxp_shit/mcuxpressoide_11.1.0_3209/ide/plugins/com.nxp.mcuxpresso.tools.win32_11.1.0.201909161352/tools/bin/../lib/gcc/arm-none-eabi/8.3.1/../../../../arm-none-eabi/lib/thumb/v7e-m+fp/hard\libcr_semihost_nf.a(_cr__main.o)
 .comment       0x00000076       0x77 c:/nxp_shit/mcuxpressoide_11.1.0_3209/ide/plugins/com.nxp.mcuxpresso.tools.win32_11.1.0.201909161352/tools/bin/../lib/gcc/arm-none-eabi/8.3.1/../../../../arm-none-eabi/lib/thumb/v7e-m+fp/hard\libcr_semihost_nf.a(_cr_assert.o)
 .comment       0x00000076       0x77 c:/nxp_shit/mcuxpressoide_11.1.0_3209/ide/plugins/com.nxp.mcuxpresso.tools.win32_11.1.0.201909161352/tools/bin/../lib/gcc/arm-none-eabi/8.3.1/../../../../arm-none-eabi/lib/thumb/v7e-m+fp/hard\libcr_semihost_nf.a(__ciob.o)
 .comment       0x00000076       0x77 c:/nxp_shit/mcuxpressoide_11.1.0_3209/ide/plugins/com.nxp.mcuxpresso.tools.win32_11.1.0.201909161352/tools/bin/../lib/gcc/arm-none-eabi/8.3.1/../../../../arm-none-eabi/lib/thumb/v7e-m+fp/hard\libcr_c.a(_deferredlazyseek.o)
 .comment       0x00000076       0x77 c:/nxp_shit/mcuxpressoide_11.1.0_3209/ide/plugins/com.nxp.mcuxpresso.tools.win32_11.1.0.201909161352/tools/bin/../lib/gcc/arm-none-eabi/8.3.1/../../../../arm-none-eabi/lib/thumb/v7e-m+fp/hard\libcr_c.a(_fflush.o)
 .comment       0x00000076       0x77 c:/nxp_shit/mcuxpressoide_11.1.0_3209/ide/plugins/com.nxp.mcuxpresso.tools.win32_11.1.0.201909161352/tools/bin/../lib/gcc/arm-none-eabi/8.3.1/../../../../arm-none-eabi/lib/thumb/v7e-m+fp/hard\libcr_c.a(_writebuf.o)
 .comment       0x00000076       0x77 c:/nxp_shit/mcuxpressoide_11.1.0_3209/ide/plugins/com.nxp.mcuxpresso.tools.win32_11.1.0.201909161352/tools/bin/../lib/gcc/arm-none-eabi/8.3.1/../../../../arm-none-eabi/lib/thumb/v7e-m+fp/hard\libcr_c.a(alloc.o)
 .comment       0x00000076       0x77 c:/nxp_shit/mcuxpressoide_11.1.0_3209/ide/plugins/com.nxp.mcuxpresso.tools.win32_11.1.0.201909161352/tools/bin/../lib/gcc/arm-none-eabi/8.3.1/../../../../arm-none-eabi/lib/thumb/v7e-m+fp/hard\libcr_c.a(fputs.o)
 .comment       0x00000076       0x77 c:/nxp_shit/mcuxpressoide_11.1.0_3209/ide/plugins/com.nxp.mcuxpresso.tools.win32_11.1.0.201909161352/tools/bin/../lib/gcc/arm-none-eabi/8.3.1/../../../../arm-none-eabi/lib/thumb/v7e-m+fp/hard\libcr_c.a(fseek.o)
 .comment       0x00000076       0x77 c:/nxp_shit/mcuxpressoide_11.1.0_3209/ide/plugins/com.nxp.mcuxpresso.tools.win32_11.1.0.201909161352/tools/bin/../lib/gcc/arm-none-eabi/8.3.1/../../../../arm-none-eabi/lib/thumb/v7e-m+fp/hard\libcr_c.a(ftell.o)
 .comment       0x00000076       0x77 c:/nxp_shit/mcuxpressoide_11.1.0_3209/ide/plugins/com.nxp.mcuxpresso.tools.win32_11.1.0.201909161352/tools/bin/../lib/gcc/arm-none-eabi/8.3.1/../../../../arm-none-eabi/lib/thumb/v7e-m+fp/hard\libcr_c.a(initio.o)
 .comment       0x00000076       0x77 c:/nxp_shit/mcuxpressoide_11.1.0_3209/ide/plugins/com.nxp.mcuxpresso.tools.win32_11.1.0.201909161352/tools/bin/../lib/gcc/arm-none-eabi/8.3.1/../../../../arm-none-eabi/lib/thumb/v7e-m+fp/hard\libcr_c.a(setvbuf.o)
 .comment       0x00000076       0x77 c:/nxp_shit/mcuxpressoide_11.1.0_3209/ide/plugins/com.nxp.mcuxpresso.tools.win32_11.1.0.201909161352/tools/bin/../lib/gcc/arm-none-eabi/8.3.1/../../../../arm-none-eabi/lib/thumb/v7e-m+fp/hard\libcr_c.a(memset.o)
 .comment       0x00000076       0x77 c:/nxp_shit/mcuxpressoide_11.1.0_3209/ide/plugins/com.nxp.mcuxpresso.tools.win32_11.1.0.201909161352/tools/bin/../lib/gcc/arm-none-eabi/8.3.1/../../../../arm-none-eabi/lib/thumb/v7e-m+fp/hard\libcr_c.a(__init_alloc.o)
 .comment       0x00000076       0x77 c:/nxp_shit/mcuxpressoide_11.1.0_3209/ide/plugins/com.nxp.mcuxpresso.tools.win32_11.1.0.201909161352/tools/bin/../lib/gcc/arm-none-eabi/8.3.1/../../../../arm-none-eabi/lib/thumb/v7e-m+fp/hard\libcr_c.a(_cr_sbrk.o)
 .comment       0x00000076       0x77 c:/nxp_shit/mcuxpressoide_11.1.0_3209/ide/plugins/com.nxp.mcuxpresso.tools.win32_11.1.0.201909161352/tools/bin/../lib/gcc/arm-none-eabi/8.3.1/../../../../arm-none-eabi/lib/thumb/v7e-m+fp/hard\libcr_c.a(_fdopen.o)
 .comment       0x00000076       0x77 c:/nxp_shit/mcuxpressoide_11.1.0_3209/ide/plugins/com.nxp.mcuxpresso.tools.win32_11.1.0.201909161352/tools/bin/../lib/gcc/arm-none-eabi/8.3.1/../../../../arm-none-eabi/lib/thumb/v7e-m+fp/hard\libcr_c.a(errno.o)
 .comment       0x00000076       0x77 c:/nxp_shit/mcuxpressoide_11.1.0_3209/ide/plugins/com.nxp.mcuxpresso.tools.win32_11.1.0.201909161352/tools/bin/../lib/gcc/arm-none-eabi/8.3.1/../../../../arm-none-eabi/lib/thumb/v7e-m+fp/hard\libcr_c.a(fclose.o)
 .comment       0x00000076       0x77 c:/nxp_shit/mcuxpressoide_11.1.0_3209/ide/plugins/com.nxp.mcuxpresso.tools.win32_11.1.0.201909161352/tools/bin/../lib/gcc/arm-none-eabi/8.3.1/../../../../arm-none-eabi/lib/thumb/v7e-m+fp/hard\libcr_c.a(fflush.o)
 .comment       0x00000076       0x77 c:/nxp_shit/mcuxpressoide_11.1.0_3209/ide/plugins/com.nxp.mcuxpresso.tools.win32_11.1.0.201909161352/tools/bin/../lib/gcc/arm-none-eabi/8.3.1/../../../../arm-none-eabi/lib/thumb/v7e-m+fp/hard\libcr_c.a(remove.o)
 .comment       0x00000076       0x77 c:/nxp_shit/mcuxpressoide_11.1.0_3209/ide/plugins/com.nxp.mcuxpresso.tools.win32_11.1.0.201909161352/tools/bin/../lib/gcc/arm-none-eabi/8.3.1/../../../../arm-none-eabi/lib/thumb/v7e-m+fp/hard\libcr_c.a(strlen.o)
 .comment       0x00000076       0x77 c:/nxp_shit/mcuxpressoide_11.1.0_3209/ide/plugins/com.nxp.mcuxpresso.tools.win32_11.1.0.201909161352/tools/bin/../lib/gcc/arm-none-eabi/8.3.1/../../../../arm-none-eabi/lib/thumb/v7e-m+fp/hard\libcr_c.a(_cr_check_heap.o)
 .comment       0x00000076       0x77 c:/nxp_shit/mcuxpressoide_11.1.0_3209/ide/plugins/com.nxp.mcuxpresso.tools.win32_11.1.0.201909161352/tools/bin/../lib/gcc/arm-none-eabi/8.3.1/../../../../arm-none-eabi/lib/thumb/v7e-m+fp/hard\libcr_c.a(_do_fflush.o)

.ARM.attributes
                0x00000000       0x32
 .ARM.attributes
                0x00000000       0x34 ./startup/startup_mk22f51212.o
 .ARM.attributes
                0x00000034       0x34 ./source/hello world.o
 .ARM.attributes
                0x00000068       0x34 ./source/led.o
 .ARM.attributes
                0x0000009c       0x34 ./source/semihost_hardfault.o
 .ARM.attributes
                0x000000d0       0x34 ./drivers/fsl_clock.o
 .ARM.attributes
                0x00000104       0x34 ./drivers/fsl_gpio.o
 .ARM.attributes
                0x00000138       0x34 ./device/system_MK22F51212.o
 .ARM.attributes
                0x0000016c       0x34 ./board/clock_config.o
 .ARM.attributes
                0x000001a0       0x34 ./board/peripherals.o
 .ARM.attributes
                0x000001d4       0x34 ./board/pin_mux.o
 .ARM.attributes
                0x00000208       0x34 c:/nxp_shit/mcuxpressoide_11.1.0_3209/ide/plugins/com.nxp.mcuxpresso.tools.win32_11.1.0.201909161352/tools/bin/../lib/gcc/arm-none-eabi/8.3.1/../../../../arm-none-eabi/lib/thumb/v7e-m+fp/hard\libcr_semihost_nf.a(_cr__main.o)
 .ARM.attributes
                0x0000023c       0x34 c:/nxp_shit/mcuxpressoide_11.1.0_3209/ide/plugins/com.nxp.mcuxpresso.tools.win32_11.1.0.201909161352/tools/bin/../lib/gcc/arm-none-eabi/8.3.1/../../../../arm-none-eabi/lib/thumb/v7e-m+fp/hard\libcr_semihost_nf.a(_cr_assert.o)
 .ARM.attributes
                0x00000270       0x39 c:/nxp_shit/mcuxpressoide_11.1.0_3209/ide/plugins/com.nxp.mcuxpresso.tools.win32_11.1.0.201909161352/tools/bin/../lib/gcc/arm-none-eabi/8.3.1/../../../../arm-none-eabi/lib/thumb/v7e-m+fp/hard\libcr_semihost_nf.a(__ciob.o)
 .ARM.attributes
                0x000002a9       0x20 c:/nxp_shit/mcuxpressoide_11.1.0_3209/ide/plugins/com.nxp.mcuxpresso.tools.win32_11.1.0.201909161352/tools/bin/../lib/gcc/arm-none-eabi/8.3.1/../../../../arm-none-eabi/lib/thumb/v7e-m+fp/hard\libcr_semihost_nf.a(__sys_appexit.o)
 .ARM.attributes
                0x000002c9       0x34 c:/nxp_shit/mcuxpressoide_11.1.0_3209/ide/plugins/com.nxp.mcuxpresso.tools.win32_11.1.0.201909161352/tools/bin/../lib/gcc/arm-none-eabi/8.3.1/../../../../arm-none-eabi/lib/thumb/v7e-m+fp/hard\libcr_c.a(_deferredlazyseek.o)
 .ARM.attributes
                0x000002fd       0x34 c:/nxp_shit/mcuxpressoide_11.1.0_3209/ide/plugins/com.nxp.mcuxpresso.tools.win32_11.1.0.201909161352/tools/bin/../lib/gcc/arm-none-eabi/8.3.1/../../../../arm-none-eabi/lib/thumb/v7e-m+fp/hard\libcr_c.a(_fflush.o)
 .ARM.attributes
                0x00000331       0x34 c:/nxp_shit/mcuxpressoide_11.1.0_3209/ide/plugins/com.nxp.mcuxpresso.tools.win32_11.1.0.201909161352/tools/bin/../lib/gcc/arm-none-eabi/8.3.1/../../../../arm-none-eabi/lib/thumb/v7e-m+fp/hard\libcr_c.a(_writebuf.o)
 .ARM.attributes
                0x00000365       0x34 c:/nxp_shit/mcuxpressoide_11.1.0_3209/ide/plugins/com.nxp.mcuxpresso.tools.win32_11.1.0.201909161352/tools/bin/../lib/gcc/arm-none-eabi/8.3.1/../../../../arm-none-eabi/lib/thumb/v7e-m+fp/hard\libcr_c.a(alloc.o)
 .ARM.attributes
                0x00000399       0x34 c:/nxp_shit/mcuxpressoide_11.1.0_3209/ide/plugins/com.nxp.mcuxpresso.tools.win32_11.1.0.201909161352/tools/bin/../lib/gcc/arm-none-eabi/8.3.1/../../../../arm-none-eabi/lib/thumb/v7e-m+fp/hard\libcr_c.a(fputs.o)
 .ARM.attributes
                0x000003cd       0x34 c:/nxp_shit/mcuxpressoide_11.1.0_3209/ide/plugins/com.nxp.mcuxpresso.tools.win32_11.1.0.201909161352/tools/bin/../lib/gcc/arm-none-eabi/8.3.1/../../../../arm-none-eabi/lib/thumb/v7e-m+fp/hard\libcr_c.a(fseek.o)
 .ARM.attributes
                0x00000401       0x34 c:/nxp_shit/mcuxpressoide_11.1.0_3209/ide/plugins/com.nxp.mcuxpresso.tools.win32_11.1.0.201909161352/tools/bin/../lib/gcc/arm-none-eabi/8.3.1/../../../../arm-none-eabi/lib/thumb/v7e-m+fp/hard\libcr_c.a(ftell.o)
 .ARM.attributes
                0x00000435       0x34 c:/nxp_shit/mcuxpressoide_11.1.0_3209/ide/plugins/com.nxp.mcuxpresso.tools.win32_11.1.0.201909161352/tools/bin/../lib/gcc/arm-none-eabi/8.3.1/../../../../arm-none-eabi/lib/thumb/v7e-m+fp/hard\libcr_c.a(initio.o)
 .ARM.attributes
                0x00000469       0x34 c:/nxp_shit/mcuxpressoide_11.1.0_3209/ide/plugins/com.nxp.mcuxpresso.tools.win32_11.1.0.201909161352/tools/bin/../lib/gcc/arm-none-eabi/8.3.1/../../../../arm-none-eabi/lib/thumb/v7e-m+fp/hard\libcr_c.a(setvbuf.o)
 .ARM.attributes
                0x0000049d       0x34 c:/nxp_shit/mcuxpressoide_11.1.0_3209/ide/plugins/com.nxp.mcuxpresso.tools.win32_11.1.0.201909161352/tools/bin/../lib/gcc/arm-none-eabi/8.3.1/../../../../arm-none-eabi/lib/thumb/v7e-m+fp/hard\libcr_c.a(memset.o)
 .ARM.attributes
                0x000004d1       0x34 c:/nxp_shit/mcuxpressoide_11.1.0_3209/ide/plugins/com.nxp.mcuxpresso.tools.win32_11.1.0.201909161352/tools/bin/../lib/gcc/arm-none-eabi/8.3.1/../../../../arm-none-eabi/lib/thumb/v7e-m+fp/hard\libcr_c.a(__init_alloc.o)
 .ARM.attributes
                0x00000505       0x34 c:/nxp_shit/mcuxpressoide_11.1.0_3209/ide/plugins/com.nxp.mcuxpresso.tools.win32_11.1.0.201909161352/tools/bin/../lib/gcc/arm-none-eabi/8.3.1/../../../../arm-none-eabi/lib/thumb/v7e-m+fp/hard\libcr_c.a(_cr_sbrk.o)
 .ARM.attributes
                0x00000539       0x34 c:/nxp_shit/mcuxpressoide_11.1.0_3209/ide/plugins/com.nxp.mcuxpresso.tools.win32_11.1.0.201909161352/tools/bin/../lib/gcc/arm-none-eabi/8.3.1/../../../../arm-none-eabi/lib/thumb/v7e-m+fp/hard\libcr_c.a(_fdopen.o)
 .ARM.attributes
                0x0000056d       0x39 c:/nxp_shit/mcuxpressoide_11.1.0_3209/ide/plugins/com.nxp.mcuxpresso.tools.win32_11.1.0.201909161352/tools/bin/../lib/gcc/arm-none-eabi/8.3.1/../../../../arm-none-eabi/lib/thumb/v7e-m+fp/hard\libcr_c.a(errno.o)
 .ARM.attributes
                0x000005a6       0x34 c:/nxp_shit/mcuxpressoide_11.1.0_3209/ide/plugins/com.nxp.mcuxpresso.tools.win32_11.1.0.201909161352/tools/bin/../lib/gcc/arm-none-eabi/8.3.1/../../../../arm-none-eabi/lib/thumb/v7e-m+fp/hard\libcr_c.a(fclose.o)
 .ARM.attributes
                0x000005da       0x34 c:/nxp_shit/mcuxpressoide_11.1.0_3209/ide/plugins/com.nxp.mcuxpresso.tools.win32_11.1.0.201909161352/tools/bin/../lib/gcc/arm-none-eabi/8.3.1/../../../../arm-none-eabi/lib/thumb/v7e-m+fp/hard\libcr_c.a(fflush.o)
 .ARM.attributes
                0x0000060e       0x34 c:/nxp_shit/mcuxpressoide_11.1.0_3209/ide/plugins/com.nxp.mcuxpresso.tools.win32_11.1.0.201909161352/tools/bin/../lib/gcc/arm-none-eabi/8.3.1/../../../../arm-none-eabi/lib/thumb/v7e-m+fp/hard\libcr_c.a(remove.o)
 .ARM.attributes
                0x00000642       0x34 c:/nxp_shit/mcuxpressoide_11.1.0_3209/ide/plugins/com.nxp.mcuxpresso.tools.win32_11.1.0.201909161352/tools/bin/../lib/gcc/arm-none-eabi/8.3.1/../../../../arm-none-eabi/lib/thumb/v7e-m+fp/hard\libcr_c.a(strlen.o)
 .ARM.attributes
                0x00000676       0x34 c:/nxp_shit/mcuxpressoide_11.1.0_3209/ide/plugins/com.nxp.mcuxpresso.tools.win32_11.1.0.201909161352/tools/bin/../lib/gcc/arm-none-eabi/8.3.1/../../../../arm-none-eabi/lib/thumb/v7e-m+fp/hard\libcr_c.a(_cr_check_heap.o)
 .ARM.attributes
                0x000006aa       0x34 c:/nxp_shit/mcuxpressoide_11.1.0_3209/ide/plugins/com.nxp.mcuxpresso.tools.win32_11.1.0.201909161352/tools/bin/../lib/gcc/arm-none-eabi/8.3.1/../../../../arm-none-eabi/lib/thumb/v7e-m+fp/hard\libcr_c.a(_do_fflush.o)
 .ARM.attributes
                0x000006de       0x20 c:/nxp_shit/mcuxpressoide_11.1.0_3209/ide/plugins/com.nxp.mcuxpresso.tools.win32_11.1.0.201909161352/tools/bin/../lib/gcc/arm-none-eabi/8.3.1/thumb/v7e-m+fp/hard\libcr_eabihelpers.a(memcpy.o)
 .ARM.attributes
                0x000006fe       0x20 c:/nxp_shit/mcuxpressoide_11.1.0_3209/ide/plugins/com.nxp.mcuxpresso.tools.win32_11.1.0.201909161352/tools/bin/../lib/gcc/arm-none-eabi/8.3.1/../../../../arm-none-eabi/lib/thumb/v7e-m+fp/hard\libcr_semihost_nf.a(__sys_close.o)
 .ARM.attributes
                0x0000071e       0x20 c:/nxp_shit/mcuxpressoide_11.1.0_3209/ide/plugins/com.nxp.mcuxpresso.tools.win32_11.1.0.201909161352/tools/bin/../lib/gcc/arm-none-eabi/8.3.1/../../../../arm-none-eabi/lib/thumb/v7e-m+fp/hard\libcr_semihost_nf.a(__sys_flen.o)
 .ARM.attributes
                0x0000073e       0x20 c:/nxp_shit/mcuxpressoide_11.1.0_3209/ide/plugins/com.nxp.mcuxpresso.tools.win32_11.1.0.201909161352/tools/bin/../lib/gcc/arm-none-eabi/8.3.1/../../../../arm-none-eabi/lib/thumb/v7e-m+fp/hard\libcr_semihost_nf.a(__sys_istty.o)
 .ARM.attributes
                0x0000075e       0x20 c:/nxp_shit/mcuxpressoide_11.1.0_3209/ide/plugins/com.nxp.mcuxpresso.tools.win32_11.1.0.201909161352/tools/bin/../lib/gcc/arm-none-eabi/8.3.1/../../../../arm-none-eabi/lib/thumb/v7e-m+fp/hard\libcr_semihost_nf.a(__sys_remove.o)
 .ARM.attributes
                0x0000077e       0x20 c:/nxp_shit/mcuxpressoide_11.1.0_3209/ide/plugins/com.nxp.mcuxpresso.tools.win32_11.1.0.201909161352/tools/bin/../lib/gcc/arm-none-eabi/8.3.1/../../../../arm-none-eabi/lib/thumb/v7e-m+fp/hard\libcr_semihost_nf.a(__sys_seek.o)
 .ARM.attributes
                0x0000079e       0x20 c:/nxp_shit/mcuxpressoide_11.1.0_3209/ide/plugins/com.nxp.mcuxpresso.tools.win32_11.1.0.201909161352/tools/bin/../lib/gcc/arm-none-eabi/8.3.1/../../../../arm-none-eabi/lib/thumb/v7e-m+fp/hard\libcr_semihost_nf.a(__sys_tmpnam.o)
 .ARM.attributes
                0x000007be       0x20 c:/nxp_shit/mcuxpressoide_11.1.0_3209/ide/plugins/com.nxp.mcuxpresso.tools.win32_11.1.0.201909161352/tools/bin/../lib/gcc/arm-none-eabi/8.3.1/../../../../arm-none-eabi/lib/thumb/v7e-m+fp/hard\libcr_semihost_nf.a(__sys_write.o)

.debug_frame    0x00000000     0x15e8
 .debug_frame   0x00000000      0x988 ./startup/startup_mk22f51212.o
 .debug_frame   0x00000988       0x80 ./source/hello world.o
 .debug_frame   0x00000a08       0x54 ./source/led.o
 .debug_frame   0x00000a5c       0x20 ./source/semihost_hardfault.o
 .debug_frame   0x00000a7c      0x8b0 ./drivers/fsl_clock.o
 .debug_frame   0x0000132c       0xc8 ./drivers/fsl_gpio.o
 .debug_frame   0x000013f4       0x74 ./device/system_MK22F51212.o
 .debug_frame   0x00001468       0x90 ./board/clock_config.o
 .debug_frame   0x000014f8       0x4c ./board/peripherals.o
 .debug_frame   0x00001544       0xa4 ./board/pin_mux.o

Cross Reference Table

Symbol                                            File
ADC0_DriverIRQHandler                             ./startup/startup_mk22f51212.o
ADC0_IRQHandler                                   ./startup/startup_mk22f51212.o
ADC1_DriverIRQHandler                             ./startup/startup_mk22f51212.o
ADC1_IRQHandler                                   ./startup/startup_mk22f51212.o
BOARD_BootClockRUN                                ./board/clock_config.o
BOARD_InitBootClocks                              ./board/clock_config.o
                                                  ./source/hello world.o
BOARD_InitBootPeripherals                         ./board/peripherals.o
                                                  ./source/hello world.o
BOARD_InitBootPins                                ./board/pin_mux.o
                                                  ./source/hello world.o
BOARD_InitDebugConsole                            ./board/board.o
BOARD_InitPeripherals                             ./board/peripherals.o
BOARD_InitPins                                    ./board/pin_mux.o
BusFault_Handler                                  ./startup/startup_mk22f51212.o
CLOCK_BootToBlpeMode                              ./drivers/fsl_clock.o
CLOCK_BootToBlpiMode                              ./drivers/fsl_clock.o
CLOCK_BootToFeeMode                               ./drivers/fsl_clock.o
CLOCK_BootToFeiMode                               ./drivers/fsl_clock.o
                                                  ./board/clock_config.o
CLOCK_BootToPeeMode                               ./drivers/fsl_clock.o
CLOCK_CalcPllDiv                                  ./drivers/fsl_clock.o
CLOCK_ClearStatusFlags                            ./drivers/fsl_clock.o
CLOCK_DeinitOsc0                                  ./drivers/fsl_clock.o
CLOCK_EnablePll0                                  ./drivers/fsl_clock.o
CLOCK_EnableUsbfs0Clock                           ./drivers/fsl_clock.o
CLOCK_ExternalModeToFbeModeQuick                  ./drivers/fsl_clock.o
CLOCK_GetBusClkFreq                               ./drivers/fsl_clock.o
CLOCK_GetCoreSysClkFreq                           ./drivers/fsl_clock.o
CLOCK_GetEr32kClkFreq                             ./drivers/fsl_clock.o
CLOCK_GetFixedFreqClkFreq                         ./drivers/fsl_clock.o
CLOCK_GetFlashClkFreq                             ./drivers/fsl_clock.o
CLOCK_GetFlexBusClkFreq                           ./drivers/fsl_clock.o
CLOCK_GetFllFreq                                  ./drivers/fsl_clock.o
CLOCK_GetFreq                                     ./drivers/fsl_clock.o
CLOCK_GetInternalRefClkFreq                       ./drivers/fsl_clock.o
CLOCK_GetMode                                     ./drivers/fsl_clock.o
CLOCK_GetOsc0ErClkDivFreq                         ./drivers/fsl_clock.o
CLOCK_GetOsc0ErClkFreq                            ./drivers/fsl_clock.o
CLOCK_GetOsc0ErClkUndivFreq                       ./drivers/fsl_clock.o
CLOCK_GetOutClkFreq                               ./drivers/fsl_clock.o
CLOCK_GetPlatClkFreq                              ./drivers/fsl_clock.o
CLOCK_GetPll0Freq                                 ./drivers/fsl_clock.o
CLOCK_GetPllFllSelClkFreq                         ./drivers/fsl_clock.o
CLOCK_GetStatusFlags                              ./drivers/fsl_clock.o
CLOCK_InitOsc0                                    ./drivers/fsl_clock.o
CLOCK_InternalModeToFbiModeQuick                  ./drivers/fsl_clock.o
CLOCK_SetBlpeMode                                 ./drivers/fsl_clock.o
CLOCK_SetBlpiMode                                 ./drivers/fsl_clock.o
CLOCK_SetExternalRefClkConfig                     ./drivers/fsl_clock.o
CLOCK_SetFastIrcFreq                              ./drivers/fsl_clock.o
CLOCK_SetFbeMode                                  ./drivers/fsl_clock.o
CLOCK_SetFbiMode                                  ./drivers/fsl_clock.o
CLOCK_SetFeeMode                                  ./drivers/fsl_clock.o
CLOCK_SetFeiMode                                  ./drivers/fsl_clock.o
CLOCK_SetInternalRefClkConfig                     ./drivers/fsl_clock.o
                                                  ./board/clock_config.o
CLOCK_SetMcgConfig                                ./drivers/fsl_clock.o
CLOCK_SetOsc0MonitorMode                          ./drivers/fsl_clock.o
CLOCK_SetPbeMode                                  ./drivers/fsl_clock.o
CLOCK_SetPeeMode                                  ./drivers/fsl_clock.o
CLOCK_SetPll0MonitorMode                          ./drivers/fsl_clock.o
CLOCK_SetRtcOscMonitorMode                        ./drivers/fsl_clock.o
CLOCK_SetSimConfig                                ./drivers/fsl_clock.o
                                                  ./board/clock_config.o
CLOCK_SetSlowIrcFreq                              ./drivers/fsl_clock.o
CLOCK_TrimInternalRefClk                          ./drivers/fsl_clock.o
CMP0_DriverIRQHandler                             ./startup/startup_mk22f51212.o
CMP0_IRQHandler                                   ./startup/startup_mk22f51212.o
CMP1_DriverIRQHandler                             ./startup/startup_mk22f51212.o
CMP1_IRQHandler                                   ./startup/startup_mk22f51212.o
DAC0_DriverIRQHandler                             ./startup/startup_mk22f51212.o
DAC0_IRQHandler                                   ./startup/startup_mk22f51212.o
DAC1_DriverIRQHandler                             ./startup/startup_mk22f51212.o
DAC1_IRQHandler                                   ./startup/startup_mk22f51212.o
DMA0_DriverIRQHandler                             ./startup/startup_mk22f51212.o
DMA0_IRQHandler                                   ./startup/startup_mk22f51212.o
DMA10_DriverIRQHandler                            ./startup/startup_mk22f51212.o
DMA10_IRQHandler                                  ./startup/startup_mk22f51212.o
DMA11_DriverIRQHandler                            ./startup/startup_mk22f51212.o
DMA11_IRQHandler                                  ./startup/startup_mk22f51212.o
DMA12_DriverIRQHandler                            ./startup/startup_mk22f51212.o
DMA12_IRQHandler                                  ./startup/startup_mk22f51212.o
DMA13_DriverIRQHandler                            ./startup/startup_mk22f51212.o
DMA13_IRQHandler                                  ./startup/startup_mk22f51212.o
DMA14_DriverIRQHandler                            ./startup/startup_mk22f51212.o
DMA14_IRQHandler                                  ./startup/startup_mk22f51212.o
DMA15_DriverIRQHandler                            ./startup/startup_mk22f51212.o
DMA15_IRQHandler                                  ./startup/startup_mk22f51212.o
DMA1_DriverIRQHandler                             ./startup/startup_mk22f51212.o
DMA1_IRQHandler                                   ./startup/startup_mk22f51212.o
DMA2_DriverIRQHandler                             ./startup/startup_mk22f51212.o
DMA2_IRQHandler                                   ./startup/startup_mk22f51212.o
DMA3_DriverIRQHandler                             ./startup/startup_mk22f51212.o
DMA3_IRQHandler                                   ./startup/startup_mk22f51212.o
DMA4_DriverIRQHandler                             ./startup/startup_mk22f51212.o
DMA4_IRQHandler                                   ./startup/startup_mk22f51212.o
DMA5_DriverIRQHandler                             ./startup/startup_mk22f51212.o
DMA5_IRQHandler                                   ./startup/startup_mk22f51212.o
DMA6_DriverIRQHandler                             ./startup/startup_mk22f51212.o
DMA6_IRQHandler                                   ./startup/startup_mk22f51212.o
DMA7_DriverIRQHandler                             ./startup/startup_mk22f51212.o
DMA7_IRQHandler                                   ./startup/startup_mk22f51212.o
DMA8_DriverIRQHandler                             ./startup/startup_mk22f51212.o
DMA8_IRQHandler                                   ./startup/startup_mk22f51212.o
DMA9_DriverIRQHandler                             ./startup/startup_mk22f51212.o
DMA9_IRQHandler                                   ./startup/startup_mk22f51212.o
DMA_Error_DriverIRQHandler                        ./startup/startup_mk22f51212.o
DMA_Error_IRQHandler                              ./startup/startup_mk22f51212.o
DebugMon_Handler                                  ./startup/startup_mk22f51212.o
FTF_DriverIRQHandler                              ./startup/startup_mk22f51212.o
FTF_IRQHandler                                    ./startup/startup_mk22f51212.o
FTM0_DriverIRQHandler                             ./startup/startup_mk22f51212.o
FTM0_IRQHandler                                   ./startup/startup_mk22f51212.o
FTM1_DriverIRQHandler                             ./startup/startup_mk22f51212.o
FTM1_IRQHandler                                   ./startup/startup_mk22f51212.o
FTM2_DriverIRQHandler                             ./startup/startup_mk22f51212.o
FTM2_IRQHandler                                   ./startup/startup_mk22f51212.o
FTM3_DriverIRQHandler                             ./startup/startup_mk22f51212.o
FTM3_IRQHandler                                   ./startup/startup_mk22f51212.o
Flash_Config                                      ./startup/startup_mk22f51212.o
GPIO_PinInit                                      ./drivers/fsl_gpio.o
                                                  ./board/pin_mux.o
GPIO_PortClearInterruptFlags                      ./drivers/fsl_gpio.o
GPIO_PortGetInterruptFlags                        ./drivers/fsl_gpio.o
HardFault_Handler                                 ./source/semihost_hardfault.o
                                                  ./startup/startup_mk22f51212.o
I2C0_DriverIRQHandler                             ./startup/startup_mk22f51212.o
I2C0_IRQHandler                                   ./startup/startup_mk22f51212.o
I2C1_DriverIRQHandler                             ./startup/startup_mk22f51212.o
I2C1_IRQHandler                                   ./startup/startup_mk22f51212.o
I2S0_Rx_DriverIRQHandler                          ./startup/startup_mk22f51212.o
I2S0_Rx_IRQHandler                                ./startup/startup_mk22f51212.o
I2S0_Tx_DriverIRQHandler                          ./startup/startup_mk22f51212.o
I2S0_Tx_IRQHandler                                ./startup/startup_mk22f51212.o
IntDefaultHandler                                 ./startup/startup_mk22f51212.o
LLWU_DriverIRQHandler                             ./startup/startup_mk22f51212.o
LLWU_IRQHandler                                   ./startup/startup_mk22f51212.o
LPTMR0_DriverIRQHandler                           ./startup/startup_mk22f51212.o
LPTMR0_IRQHandler                                 ./startup/startup_mk22f51212.o
LPUART0_DriverIRQHandler                          ./startup/startup_mk22f51212.o
LPUART0_IRQHandler                                ./startup/startup_mk22f51212.o
LVD_LVW_DriverIRQHandler                          ./startup/startup_mk22f51212.o
LVD_LVW_IRQHandler                                ./startup/startup_mk22f51212.o
MCG_DriverIRQHandler                              ./startup/startup_mk22f51212.o
MCG_IRQHandler                                    ./startup/startup_mk22f51212.o
MCM_DriverIRQHandler                              ./startup/startup_mk22f51212.o
MCM_IRQHandler                                    ./startup/startup_mk22f51212.o
MemManage_Handler                                 ./startup/startup_mk22f51212.o
NMI_Handler                                       ./startup/startup_mk22f51212.o
PDB0_DriverIRQHandler                             ./startup/startup_mk22f51212.o
PDB0_IRQHandler                                   ./startup/startup_mk22f51212.o
PIT0_DriverIRQHandler                             ./startup/startup_mk22f51212.o
PIT0_IRQHandler                                   ./startup/startup_mk22f51212.o
PIT1_DriverIRQHandler                             ./startup/startup_mk22f51212.o
PIT1_IRQHandler                                   ./startup/startup_mk22f51212.o
PIT2_DriverIRQHandler                             ./startup/startup_mk22f51212.o
PIT2_IRQHandler                                   ./startup/startup_mk22f51212.o
PIT3_DriverIRQHandler                             ./startup/startup_mk22f51212.o
PIT3_IRQHandler                                   ./startup/startup_mk22f51212.o
PORTA_DriverIRQHandler                            ./startup/startup_mk22f51212.o
PORTA_IRQHandler                                  ./startup/startup_mk22f51212.o
PORTB_DriverIRQHandler                            ./startup/startup_mk22f51212.o
PORTB_IRQHandler                                  ./startup/startup_mk22f51212.o
PORTC_DriverIRQHandler                            ./startup/startup_mk22f51212.o
PORTC_IRQHandler                                  ./startup/startup_mk22f51212.o
PORTD_DriverIRQHandler                            ./startup/startup_mk22f51212.o
PORTD_IRQHandler                                  ./startup/startup_mk22f51212.o
PORTE_DriverIRQHandler                            ./startup/startup_mk22f51212.o
PORTE_IRQHandler                                  ./startup/startup_mk22f51212.o
PendSV_Handler                                    ./startup/startup_mk22f51212.o
RNG_DriverIRQHandler                              ./startup/startup_mk22f51212.o
RNG_IRQHandler                                    ./startup/startup_mk22f51212.o
RTC_DriverIRQHandler                              ./startup/startup_mk22f51212.o
RTC_IRQHandler                                    ./startup/startup_mk22f51212.o
RTC_Seconds_DriverIRQHandler                      ./startup/startup_mk22f51212.o
RTC_Seconds_IRQHandler                            ./startup/startup_mk22f51212.o
Read_Collision_DriverIRQHandler                   ./startup/startup_mk22f51212.o
Read_Collision_IRQHandler                         ./startup/startup_mk22f51212.o
Reserved53_DriverIRQHandler                       ./startup/startup_mk22f51212.o
Reserved53_IRQHandler                             ./startup/startup_mk22f51212.o
Reserved54_DriverIRQHandler                       ./startup/startup_mk22f51212.o
Reserved54_IRQHandler                             ./startup/startup_mk22f51212.o
Reserved61_DriverIRQHandler                       ./startup/startup_mk22f51212.o
Reserved61_IRQHandler                             ./startup/startup_mk22f51212.o
Reserved70_DriverIRQHandler                       ./startup/startup_mk22f51212.o
Reserved70_IRQHandler                             ./startup/startup_mk22f51212.o
Reserved71_DriverIRQHandler                       ./startup/startup_mk22f51212.o
Reserved71_IRQHandler                             ./startup/startup_mk22f51212.o
Reserved81_DriverIRQHandler                       ./startup/startup_mk22f51212.o
Reserved81_IRQHandler                             ./startup/startup_mk22f51212.o
Reserved82_DriverIRQHandler                       ./startup/startup_mk22f51212.o
Reserved82_IRQHandler                             ./startup/startup_mk22f51212.o
Reserved83_DriverIRQHandler                       ./startup/startup_mk22f51212.o
Reserved83_IRQHandler                             ./startup/startup_mk22f51212.o
Reserved84_DriverIRQHandler                       ./startup/startup_mk22f51212.o
Reserved84_IRQHandler                             ./startup/startup_mk22f51212.o
Reserved85_DriverIRQHandler                       ./startup/startup_mk22f51212.o
Reserved85_IRQHandler                             ./startup/startup_mk22f51212.o
Reserved86_DriverIRQHandler                       ./startup/startup_mk22f51212.o
Reserved86_IRQHandler                             ./startup/startup_mk22f51212.o
ResetISR                                          ./startup/startup_mk22f51212.o
SDK_DelayAtLeastUs                                ./drivers/fsl_common.o
SDK_Free                                          ./drivers/fsl_common.o
SDK_Malloc                                        ./drivers/fsl_common.o
SPI0_DriverIRQHandler                             ./startup/startup_mk22f51212.o
SPI0_IRQHandler                                   ./startup/startup_mk22f51212.o
SPI1_DriverIRQHandler                             ./startup/startup_mk22f51212.o
SPI1_IRQHandler                                   ./startup/startup_mk22f51212.o
SVC_Handler                                       ./startup/startup_mk22f51212.o
SWI_DriverIRQHandler                              ./startup/startup_mk22f51212.o
SWI_IRQHandler                                    ./startup/startup_mk22f51212.o
SysTick_Handler                                   ./startup/startup_mk22f51212.o
SystemCoreClock                                   ./device/system_MK22F51212.o
                                                  ./board/clock_config.o
SystemCoreClockUpdate                             ./device/system_MK22F51212.o
SystemInit                                        ./device/system_MK22F51212.o
SystemInitHook                                    ./device/system_MK22F51212.o
UART0_ERR_DriverIRQHandler                        ./startup/startup_mk22f51212.o
UART0_ERR_IRQHandler                              ./startup/startup_mk22f51212.o
UART0_RX_TX_DriverIRQHandler                      ./startup/startup_mk22f51212.o
UART0_RX_TX_IRQHandler                            ./startup/startup_mk22f51212.o
UART1_ERR_DriverIRQHandler                        ./startup/startup_mk22f51212.o
UART1_ERR_IRQHandler                              ./startup/startup_mk22f51212.o
UART1_RX_TX_DriverIRQHandler                      ./startup/startup_mk22f51212.o
UART1_RX_TX_IRQHandler                            ./startup/startup_mk22f51212.o
UART2_ERR_DriverIRQHandler                        ./startup/startup_mk22f51212.o
UART2_ERR_IRQHandler                              ./startup/startup_mk22f51212.o
UART2_RX_TX_DriverIRQHandler                      ./startup/startup_mk22f51212.o
UART2_RX_TX_IRQHandler                            ./startup/startup_mk22f51212.o
USB0_DriverIRQHandler                             ./startup/startup_mk22f51212.o
USB0_IRQHandler                                   ./startup/startup_mk22f51212.o
UsageFault_Handler                                ./startup/startup_mk22f51212.o
WDOG_EWM_DriverIRQHandler                         ./startup/startup_mk22f51212.o
WDOG_EWM_IRQHandler                               ./startup/startup_mk22f51212.o
_Csys_alloc                                       c:/nxp_shit/mcuxpressoide_11.1.0_3209/ide/plugins/com.nxp.mcuxpresso.tools.win32_11.1.0.201909161352/tools/bin/../lib/gcc/arm-none-eabi/8.3.1/../../../../arm-none-eabi/lib/thumb/v7e-m+fp/hard\libcr_c.a(alloc.o)
                                                  c:/nxp_shit/mcuxpressoide_11.1.0_3209/ide/plugins/com.nxp.mcuxpresso.tools.win32_11.1.0.201909161352/tools/bin/../lib/gcc/arm-none-eabi/8.3.1/../../../../arm-none-eabi/lib/thumb/v7e-m+fp/hard\libcr_c.a(_deferredlazyseek.o)
_Cwritebuf                                        c:/nxp_shit/mcuxpressoide_11.1.0_3209/ide/plugins/com.nxp.mcuxpresso.tools.win32_11.1.0.201909161352/tools/bin/../lib/gcc/arm-none-eabi/8.3.1/../../../../arm-none-eabi/lib/thumb/v7e-m+fp/hard\libcr_c.a(_writebuf.o)
                                                  c:/nxp_shit/mcuxpressoide_11.1.0_3209/ide/plugins/com.nxp.mcuxpresso.tools.win32_11.1.0.201909161352/tools/bin/../lib/gcc/arm-none-eabi/8.3.1/../../../../arm-none-eabi/lib/thumb/v7e-m+fp/hard\libcr_c.a(_fflush.o)
                                                  c:/nxp_shit/mcuxpressoide_11.1.0_3209/ide/plugins/com.nxp.mcuxpresso.tools.win32_11.1.0.201909161352/tools/bin/../lib/gcc/arm-none-eabi/8.3.1/../../../../arm-none-eabi/lib/thumb/v7e-m+fp/hard\libcr_c.a(_deferredlazyseek.o)
__CR_SEMIHOST                                     c:/nxp_shit/mcuxpressoide_11.1.0_3209/ide/plugins/com.nxp.mcuxpresso.tools.win32_11.1.0.201909161352/tools/bin/../lib/gcc/arm-none-eabi/8.3.1/../../../../arm-none-eabi/lib/thumb/v7e-m+fp/hard\libcr_semihost_nf.a(_cr__main.o)
__Ciob                                            c:/nxp_shit/mcuxpressoide_11.1.0_3209/ide/plugins/com.nxp.mcuxpresso.tools.win32_11.1.0.201909161352/tools/bin/../lib/gcc/arm-none-eabi/8.3.1/../../../../arm-none-eabi/lib/thumb/v7e-m+fp/hard\libcr_semihost_nf.a(__ciob.o)
                                                  c:/nxp_shit/mcuxpressoide_11.1.0_3209/ide/plugins/com.nxp.mcuxpresso.tools.win32_11.1.0.201909161352/tools/bin/../lib/gcc/arm-none-eabi/8.3.1/../../../../arm-none-eabi/lib/thumb/v7e-m+fp/hard\libcr_c.a(fflush.o)
                                                  c:/nxp_shit/mcuxpressoide_11.1.0_3209/ide/plugins/com.nxp.mcuxpresso.tools.win32_11.1.0.201909161352/tools/bin/../lib/gcc/arm-none-eabi/8.3.1/../../../../arm-none-eabi/lib/thumb/v7e-m+fp/hard\libcr_c.a(initio.o)
                                                  c:/nxp_shit/mcuxpressoide_11.1.0_3209/ide/plugins/com.nxp.mcuxpresso.tools.win32_11.1.0.201909161352/tools/bin/../lib/gcc/arm-none-eabi/8.3.1/../../../../arm-none-eabi/lib/thumb/v7e-m+fp/hard\libcr_semihost_nf.a(_cr_assert.o)
__Vectors                                         ./startup/startup_mk22f51212.o
__aeabi_idiv0                                     c:/nxp_shit/mcuxpressoide_11.1.0_3209/ide/plugins/com.nxp.mcuxpresso.tools.win32_11.1.0.201909161352/tools/bin/../lib/gcc/arm-none-eabi/8.3.1/thumb/v7e-m+fp/hard\libcr_eabihelpers.a(division_idiv0.o)
                                                  c:/nxp_shit/mcuxpressoide_11.1.0_3209/ide/plugins/com.nxp.mcuxpresso.tools.win32_11.1.0.201909161352/tools/bin/../lib/gcc/arm-none-eabi/8.3.1/thumb/v7e-m+fp/hard\libcr_eabihelpers.a(division_64.o)
__aeabi_ldivmod                                   c:/nxp_shit/mcuxpressoide_11.1.0_3209/ide/plugins/com.nxp.mcuxpresso.tools.win32_11.1.0.201909161352/tools/bin/../lib/gcc/arm-none-eabi/8.3.1/thumb/v7e-m+fp/hard\libcr_eabihelpers.a(division_64.o)
__aeabi_lowlevel_memset                           c:/nxp_shit/mcuxpressoide_11.1.0_3209/ide/plugins/com.nxp.mcuxpresso.tools.win32_11.1.0.201909161352/tools/bin/../lib/gcc/arm-none-eabi/8.3.1/thumb/v7e-m+fp/hard\libcr_eabihelpers.a(memcpy.o)
                                                  c:/nxp_shit/mcuxpressoide_11.1.0_3209/ide/plugins/com.nxp.mcuxpresso.tools.win32_11.1.0.201909161352/tools/bin/../lib/gcc/arm-none-eabi/8.3.1/../../../../arm-none-eabi/lib/thumb/v7e-m+fp/hard\libcr_c.a(memset.o)
__aeabi_memclr                                    c:/nxp_shit/mcuxpressoide_11.1.0_3209/ide/plugins/com.nxp.mcuxpresso.tools.win32_11.1.0.201909161352/tools/bin/../lib/gcc/arm-none-eabi/8.3.1/thumb/v7e-m+fp/hard\libcr_eabihelpers.a(memcpy.o)
__aeabi_memclr4                                   c:/nxp_shit/mcuxpressoide_11.1.0_3209/ide/plugins/com.nxp.mcuxpresso.tools.win32_11.1.0.201909161352/tools/bin/../lib/gcc/arm-none-eabi/8.3.1/thumb/v7e-m+fp/hard\libcr_eabihelpers.a(memcpy.o)
__aeabi_memclr8                                   c:/nxp_shit/mcuxpressoide_11.1.0_3209/ide/plugins/com.nxp.mcuxpresso.tools.win32_11.1.0.201909161352/tools/bin/../lib/gcc/arm-none-eabi/8.3.1/thumb/v7e-m+fp/hard\libcr_eabihelpers.a(memcpy.o)
__aeabi_memcpy                                    c:/nxp_shit/mcuxpressoide_11.1.0_3209/ide/plugins/com.nxp.mcuxpresso.tools.win32_11.1.0.201909161352/tools/bin/../lib/gcc/arm-none-eabi/8.3.1/thumb/v7e-m+fp/hard\libcr_eabihelpers.a(memcpy.o)
                                                  c:/nxp_shit/mcuxpressoide_11.1.0_3209/ide/plugins/com.nxp.mcuxpresso.tools.win32_11.1.0.201909161352/tools/bin/../lib/gcc/arm-none-eabi/8.3.1/../../../../arm-none-eabi/lib/thumb/v7e-m+fp/hard\libcr_c.a(memcpy.o)
__aeabi_memcpy4                                   c:/nxp_shit/mcuxpressoide_11.1.0_3209/ide/plugins/com.nxp.mcuxpresso.tools.win32_11.1.0.201909161352/tools/bin/../lib/gcc/arm-none-eabi/8.3.1/thumb/v7e-m+fp/hard\libcr_eabihelpers.a(memcpy.o)
__aeabi_memcpy8                                   c:/nxp_shit/mcuxpressoide_11.1.0_3209/ide/plugins/com.nxp.mcuxpresso.tools.win32_11.1.0.201909161352/tools/bin/../lib/gcc/arm-none-eabi/8.3.1/thumb/v7e-m+fp/hard\libcr_eabihelpers.a(memcpy.o)
__aeabi_memmove                                   c:/nxp_shit/mcuxpressoide_11.1.0_3209/ide/plugins/com.nxp.mcuxpresso.tools.win32_11.1.0.201909161352/tools/bin/../lib/gcc/arm-none-eabi/8.3.1/thumb/v7e-m+fp/hard\libcr_eabihelpers.a(memcpy.o)
__aeabi_memmove4                                  c:/nxp_shit/mcuxpressoide_11.1.0_3209/ide/plugins/com.nxp.mcuxpresso.tools.win32_11.1.0.201909161352/tools/bin/../lib/gcc/arm-none-eabi/8.3.1/thumb/v7e-m+fp/hard\libcr_eabihelpers.a(memcpy.o)
__aeabi_memmove8                                  c:/nxp_shit/mcuxpressoide_11.1.0_3209/ide/plugins/com.nxp.mcuxpresso.tools.win32_11.1.0.201909161352/tools/bin/../lib/gcc/arm-none-eabi/8.3.1/thumb/v7e-m+fp/hard\libcr_eabihelpers.a(memcpy.o)
__aeabi_memset                                    c:/nxp_shit/mcuxpressoide_11.1.0_3209/ide/plugins/com.nxp.mcuxpresso.tools.win32_11.1.0.201909161352/tools/bin/../lib/gcc/arm-none-eabi/8.3.1/thumb/v7e-m+fp/hard\libcr_eabihelpers.a(memcpy.o)
__aeabi_memset4                                   c:/nxp_shit/mcuxpressoide_11.1.0_3209/ide/plugins/com.nxp.mcuxpresso.tools.win32_11.1.0.201909161352/tools/bin/../lib/gcc/arm-none-eabi/8.3.1/thumb/v7e-m+fp/hard\libcr_eabihelpers.a(memcpy.o)
__aeabi_memset8                                   c:/nxp_shit/mcuxpressoide_11.1.0_3209/ide/plugins/com.nxp.mcuxpresso.tools.win32_11.1.0.201909161352/tools/bin/../lib/gcc/arm-none-eabi/8.3.1/thumb/v7e-m+fp/hard\libcr_eabihelpers.a(memcpy.o)
__aeabi_uldivmod                                  c:/nxp_shit/mcuxpressoide_11.1.0_3209/ide/plugins/com.nxp.mcuxpresso.tools.win32_11.1.0.201909161352/tools/bin/../lib/gcc/arm-none-eabi/8.3.1/thumb/v7e-m+fp/hard\libcr_eabihelpers.a(division_64.o)
                                                  ./drivers/fsl_common.o
__assertion_failed                                c:/nxp_shit/mcuxpressoide_11.1.0_3209/ide/plugins/com.nxp.mcuxpresso.tools.win32_11.1.0.201909161352/tools/bin/../lib/gcc/arm-none-eabi/8.3.1/../../../../arm-none-eabi/lib/thumb/v7e-m+fp/hard\libcr_semihost_nf.a(_cr_assert.o)
                                                  ./drivers/fsl_gpio.o
                                                  ./drivers/fsl_common.o
                                                  ./drivers/fsl_clock.o
__bhs_ldivmod1                                    c:/nxp_shit/mcuxpressoide_11.1.0_3209/ide/plugins/com.nxp.mcuxpresso.tools.win32_11.1.0.201909161352/tools/bin/../lib/gcc/arm-none-eabi/8.3.1/thumb/v7e-m+fp/hard\libcr_eabihelpers.a(division_64.o)
__bss_section_table_end                           ./startup/startup_mk22f51212.o
__check_heap_overflow                             c:/nxp_shit/mcuxpressoide_11.1.0_3209/ide/plugins/com.nxp.mcuxpresso.tools.win32_11.1.0.201909161352/tools/bin/../lib/gcc/arm-none-eabi/8.3.1/../../../../arm-none-eabi/lib/thumb/v7e-m+fp/hard\libcr_c.a(_cr_check_heap.o)