18:54:23 **** Incremental Build of configuration Debug for project hello world ****
make -r -j4 all 
Building file: ../source/hello world.c
Invoking: MCU C Compiler
arm-none-eabi-gcc -DCPU_MK22FN512VLL12 -DCPU_MK22FN512VLL12_cm4 -D__REDLIB__ -I"C:\Users\fabia\SynologyDrive\Dokumente\HSLU\Semester\6\MICRO\mcux\workspace\hello world\board" -I"C:\Users\fabia\SynologyDrive\Dokumente\HSLU\Semester\6\MICRO\mcux\workspace\hello world\source" -I"C:\Users\fabia\SynologyDrive\Dokumente\HSLU\Semester\6\MICRO\mcux\workspace\hello world" -I"C:\Users\fabia\SynologyDrive\Dokumente\HSLU\Semester\6\MICRO\mcux\workspace\hello world\drivers" -I"C:\Users\fabia\SynologyDrive\Dokumente\HSLU\Semester\6\MICRO\mcux\workspace\hello world\device" -I"C:\Users\fabia\SynologyDrive\Dokumente\HSLU\Semester\6\MICRO\mcux\workspace\hello world\CMSIS" -O0 -fno-common -g3 -Wall -c -ffunction-sections -fdata-sections -ffreestanding -fno-builtin -fmerge-constants -fmacro-prefix-map="../source ./"=. -mcpu=cortex-m4 -mfpu=fpv4-sp-d16 -mfloat-abi=hard -mthumb -D__REDLIB__ -fstack-usage -specs=redlib.specs -MMD -MP -MF"source/hello world.d" -MT"source/hello\ world.d" -o "source/hello world.o" "../source/hello world.c"
Finished building: ../source/hello world.c
 
Building target: hello world.axf
Invoking: MCU Linker
arm-none-eabi-gcc -nostdlib -Xlinker -Map="hello world.map" -Xlinker --gc-sections -Xlinker -print-memory-usage -Xlinker --sort-section=alignment -Xlinker --cref -mcpu=cortex-m4 -mfpu=fpv4-sp-d16 -mfloat-abi=hard -mthumb -T hello_world_Debug.ld -o "hello world.axf"  ./startup/startup_mk22f51212.o  ./source/hello\ world.o ./source/led.o ./source/semihost_hardfault.o  ./drivers/fsl_clock.o ./drivers/fsl_common.o ./drivers/fsl_gpio.o  ./device/system_MK22F51212.o  ./board/board.o ./board/clock_config.o ./board/peripherals.o ./board/pin_mux.o   
Memory region         Used Size  Region Size  %age Used
   PROGRAM_FLASH:        7116 B       512 KB      1.36%
      SRAM_UPPER:        8388 B        64 KB     12.80%
      SRAM_LOWER:          0 GB        64 KB      0.00%
Finished building target: hello world.axf
 
make --no-print-directory post-build
Performing post-build steps
arm-none-eabi-size "hello world.axf"; # arm-none-eabi-objcopy -v -O binary "hello world.axf" "hello world.bin" ; # checksum -p MK22FN512xxx12 -d "hello world.bin";
   text	   data	    bss	    dec	    hex	filename
   7112	      4	   8384	  15500	   3c8c	hello world.axf
 

18:54:24 Build Finished. 0 errors, 0 warnings. (took 1s.339ms)

